
package(default_visibility = ["//visibility:public"])
filegroup(
    name = "node_modules",
    srcs = [
        "node_modules/.bin/jasmine",
        "node_modules/.bin/test",
        "//node_modules/ajv:ajv__files",
        "//node_modules/balanced-match:balanced-match__files",
        "//node_modules/brace-expansion:brace-expansion__files",
        "//node_modules/co:co__files",
        "//node_modules/concat-map:concat-map__files",
        "//node_modules/diff:diff__files",
        "//node_modules/fast-deep-equal:fast-deep-equal__files",
        "//node_modules/fast-json-stable-stringify:fast-json-stable-stringify__files",
        "//node_modules/fs.realpath:fs.realpath__files",
        "//node_modules/glob:glob__files",
        "//node_modules/inflight:inflight__files",
        "//node_modules/inherits:inherits__files",
        "//node_modules/jasmine:jasmine__files",
        "//node_modules/jasmine-core:jasmine-core__files",
        "//node_modules/json-schema-traverse:json-schema-traverse__files",
        "//node_modules/minimatch:minimatch__files",
        "//node_modules/once:once__files",
        "//node_modules/path-is-absolute:path-is-absolute__files",
        "//node_modules/unidiff:unidiff__files",
        "//node_modules/wrappy:wrappy__files",
        "//node_modules/@gregmagolan/test-a:test-a__files",
        "//node_modules/@gregmagolan/test-b:test-b__files",
        "//node_modules/@yarnpkg/lockfile:lockfile__files",
    ],
)
