
filegroup(
  name = "test_files",
  srcs = [
    "//:BUILD.bazel",
    "//:install_bazel_dependencies.bzl",
    "//:manual_build_file_contents",
    "//:WORKSPACE",
    "//@angular/core:BUILD.bazel",
    "//@gregmagolan:BUILD.bazel",
    "//@gregmagolan/test-a/bin:BUILD.bazel",
    "//@gregmagolan/test-a:BUILD.bazel",
    "//@gregmagolan/test-b/bin:BUILD.bazel",
    "//@gregmagolan/test-b:BUILD.bazel",
    "//ajv:BUILD.bazel",
    "//jasmine/bin:BUILD.bazel",
    "//jasmine:BUILD.bazel",
    "//rxjs:BUILD.bazel",
    "//unidiff/bin:BUILD.bazel",
    "//unidiff:BUILD.bazel",
    "//zone.js:BUILD.bazel",
    "//node_modules/@angular/core:BUILD.bazel",
    "//node_modules/@gregmagolan:BUILD.bazel",
    "//node_modules/@gregmagolan/test-a:BUILD.bazel",
    "//node_modules/@gregmagolan/test-b:BUILD.bazel",
    "//node_modules/ajv:BUILD.bazel",
    "//node_modules/jasmine:BUILD.bazel",
    "//node_modules/rxjs:BUILD.bazel",
    "//node_modules/unidiff:BUILD.bazel",
    "//node_modules/zone.js:BUILD.bazel",
  ],
)