
package(default_visibility = ["//visibility:public"])
load("@build_bazel_rules_nodejs//:index.bzl", "js_library")
js_library(
    name = "rxjs",
    link_to_bin = False,
    deps = [
        "//rxjs:rxjs__direct",
        "//tslib:tslib__direct",
    ],
)
js_library(
    name = "rxjs__direct",
    package_name = "rxjs",
    package_path = "",
    link_root = "node_modules/rxjs",
    link_to_bin = False,
    srcs = ["//:node_modules/rxjs"],
    source_directories = True,
    visibility = ["//:__subpackages__"],
)
alias(
    name = "rxjs__typings",
    actual = "rxjs__direct",
)
load("@build_bazel_rules_nodejs//internal/npm_install:npm_umd_bundle.bzl", "npm_umd_bundle")
npm_umd_bundle(
    name = "rxjs__umd",
    package_name = "rxjs",
    entry_point = { "@fine_grained_directory_artifacts_goldens//:node_modules/rxjs": "_esm5/index.js" },
    package = ":rxjs",
)
