
package(default_visibility = ["//visibility:public"])
load("@build_bazel_rules_nodejs//:index.bzl", "js_library")
filegroup(
      name = "@angular_core__source_directory",
      srcs = ["node_modules/@angular/core"],
      visibility = ["@fine_grained_goldens_multi_linked//:__subpackages__"],
)
filegroup(
      name = "@gregmagolan_test-a__source_directory",
      srcs = ["node_modules/@gregmagolan/test-a"],
      visibility = ["@fine_grained_goldens_multi_linked//:__subpackages__"],
)
filegroup(
      name = "@gregmagolan_test-b__source_directory",
      srcs = ["node_modules/@gregmagolan/test-b"],
      visibility = ["@fine_grained_goldens_multi_linked//:__subpackages__"],
)
filegroup(
      name = "ajv__source_directory",
      srcs = ["node_modules/ajv"],
      visibility = ["@fine_grained_goldens_multi_linked//:__subpackages__"],
)
filegroup(
      name = "balanced-match__source_directory",
      srcs = ["node_modules/balanced-match"],
      visibility = ["@fine_grained_goldens_multi_linked//:__subpackages__"],
)
filegroup(
      name = "brace-expansion__source_directory",
      srcs = ["node_modules/brace-expansion"],
      visibility = ["@fine_grained_goldens_multi_linked//:__subpackages__"],
)
filegroup(
      name = "co__source_directory",
      srcs = ["node_modules/co"],
      visibility = ["@fine_grained_goldens_multi_linked//:__subpackages__"],
)
filegroup(
      name = "concat-map__source_directory",
      srcs = ["node_modules/concat-map"],
      visibility = ["@fine_grained_goldens_multi_linked//:__subpackages__"],
)
filegroup(
      name = "diff__source_directory",
      srcs = ["node_modules/diff"],
      visibility = ["@fine_grained_goldens_multi_linked//:__subpackages__"],
)
filegroup(
      name = "fast-deep-equal__source_directory",
      srcs = ["node_modules/fast-deep-equal"],
      visibility = ["@fine_grained_goldens_multi_linked//:__subpackages__"],
)
filegroup(
      name = "fast-json-stable-stringify__source_directory",
      srcs = ["node_modules/fast-json-stable-stringify"],
      visibility = ["@fine_grained_goldens_multi_linked//:__subpackages__"],
)
filegroup(
      name = "fs.realpath__source_directory",
      srcs = ["node_modules/fs.realpath"],
      visibility = ["@fine_grained_goldens_multi_linked//:__subpackages__"],
)
filegroup(
      name = "glob__source_directory",
      srcs = ["node_modules/glob"],
      visibility = ["@fine_grained_goldens_multi_linked//:__subpackages__"],
)
filegroup(
      name = "inflight__source_directory",
      srcs = ["node_modules/inflight"],
      visibility = ["@fine_grained_goldens_multi_linked//:__subpackages__"],
)
filegroup(
      name = "inherits__source_directory",
      srcs = ["node_modules/inherits"],
      visibility = ["@fine_grained_goldens_multi_linked//:__subpackages__"],
)
filegroup(
      name = "jasmine__source_directory",
      srcs = ["node_modules/jasmine"],
      visibility = ["@fine_grained_goldens_multi_linked//:__subpackages__"],
)
filegroup(
      name = "jasmine-core__source_directory",
      srcs = ["node_modules/jasmine-core"],
      visibility = ["@fine_grained_goldens_multi_linked//:__subpackages__"],
)
filegroup(
      name = "json-schema-traverse__source_directory",
      srcs = ["node_modules/json-schema-traverse"],
      visibility = ["@fine_grained_goldens_multi_linked//:__subpackages__"],
)
filegroup(
      name = "minimatch__source_directory",
      srcs = ["node_modules/minimatch"],
      visibility = ["@fine_grained_goldens_multi_linked//:__subpackages__"],
)
filegroup(
      name = "once__source_directory",
      srcs = ["node_modules/once"],
      visibility = ["@fine_grained_goldens_multi_linked//:__subpackages__"],
)
filegroup(
      name = "path-is-absolute__source_directory",
      srcs = ["node_modules/path-is-absolute"],
      visibility = ["@fine_grained_goldens_multi_linked//:__subpackages__"],
)
filegroup(
      name = "rxjs__source_directory",
      srcs = ["node_modules/rxjs"],
      visibility = ["@fine_grained_goldens_multi_linked//:__subpackages__"],
)
filegroup(
      name = "tslib__source_directory",
      srcs = ["node_modules/tslib"],
      visibility = ["@fine_grained_goldens_multi_linked//:__subpackages__"],
)
filegroup(
      name = "unidiff__source_directory",
      srcs = ["node_modules/unidiff"],
      visibility = ["@fine_grained_goldens_multi_linked//:__subpackages__"],
)
filegroup(
      name = "wrappy__source_directory",
      srcs = ["node_modules/wrappy"],
      visibility = ["@fine_grained_goldens_multi_linked//:__subpackages__"],
)
filegroup(
      name = "zone.js__source_directory",
      srcs = ["node_modules/zone.js"],
      visibility = ["@fine_grained_goldens_multi_linked//:__subpackages__"],
)
js_library(
  name = "node_modules",
  deps = [
      "//@angular/core:core",
        "//@gregmagolan/test-a:test-a",
        "//@gregmagolan/test-b:test-b",
        "//ajv:ajv",
        "//balanced-match:balanced-match",
        "//brace-expansion:brace-expansion",
        "//co:co",
        "//concat-map:concat-map",
        "//diff:diff",
        "//fast-deep-equal:fast-deep-equal",
        "//fast-json-stable-stringify:fast-json-stable-stringify",
        "//fs.realpath:fs.realpath",
        "//glob:glob",
        "//inflight:inflight",
        "//inherits:inherits",
        "//jasmine:jasmine",
        "//jasmine-core:jasmine-core",
        "//json-schema-traverse:json-schema-traverse",
        "//minimatch:minimatch",
        "//once:once",
        "//path-is-absolute:path-is-absolute",
        "//rxjs:rxjs",
        "//tslib:tslib",
        "//unidiff:unidiff",
        "//wrappy:wrappy",
        "//zone.js:zone.js",
  ],
)
filegroup(
  name = "golden_files",
  srcs = [
    "//:BUILD.bazel",
    "//:manual_build_file_contents",
    "//:WORKSPACE",
    "//@angular/core:BUILD.bazel",
    "//@gregmagolan:BUILD.bazel",
    "//@gregmagolan/test-a/bin:BUILD.bazel",
    "//@gregmagolan/test-a:BUILD.bazel",
    "//@gregmagolan/test-a:index.bzl",
    "//@gregmagolan/test-b:BUILD.bazel",
    "//ajv:BUILD.bazel",
    "//jasmine/bin:BUILD.bazel",
    "//jasmine:BUILD.bazel",
    "//jasmine:index.bzl",
    "//rxjs:BUILD.bazel",
    "//unidiff:BUILD.bazel",
    "//zone.js:BUILD.bazel",
    "//some-target-a:BUILD.bazel",
    "//some-target-a2:BUILD.bazel",
    "//@some-scope/some-target-b:BUILD.bazel",
    "//@some-scope/some-target-b2:BUILD.bazel",
  ],
)