
package(default_visibility = ["//visibility:public"])
load("@build_bazel_rules_nodejs//:index.bzl", "js_library")
js_library(
    name = "core",
    srcs = [":core__files"],
    deps = [
        "//@angular/core:core__direct",
        "//tslib:tslib__direct",
        "//rxjs:rxjs__direct",
        "//zone.js:zone.js__direct",
    ],
)
js_library(
    name = "core__direct",
    package_name = "@angular/core",
    package_path = "",
    link_root = "node_modules/@angular/core",
    srcs = [
      ":core__files",
      ":core__nested_node_modules",
    ],
    named_module_srcs = [
        "//:node_modules/@angular/core/bundles/core-testing.umd.js",
        "//:node_modules/@angular/core/bundles/core.umd.js",
    ],
    visibility = ["//:__subpackages__"],
)
filegroup(
    name = "core__files",
    srcs = [
        "//:node_modules/@angular/core/ANGULAR_PACKAGE",
        "//:node_modules/@angular/core/BUILD_INFO",
        "//:node_modules/@angular/core/bundles/core-testing.umd.js",
        "//:node_modules/@angular/core/bundles/core-testing.umd.js.map",
        "//:node_modules/@angular/core/bundles/core-testing.umd.min.js",
        "//:node_modules/@angular/core/bundles/core-testing.umd.min.js.map",
        "//:node_modules/@angular/core/bundles/core.umd.js",
        "//:node_modules/@angular/core/bundles/core.umd.js.map",
        "//:node_modules/@angular/core/bundles/core.umd.min.js",
        "//:node_modules/@angular/core/bundles/core.umd.min.js.map",
        "//:node_modules/@angular/core/core.d.ts",
        "//:node_modules/@angular/core/core.metadata.json",
        "//:node_modules/@angular/core/esm2015/core.externs.js",
        "//:node_modules/@angular/core/esm2015/core.js",
        "//:node_modules/@angular/core/esm2015/index.js",
        "//:node_modules/@angular/core/esm2015/public_api.js",
        "//:node_modules/@angular/core/esm2015/src/application_init.js",
        "//:node_modules/@angular/core/esm2015/src/application_module.js",
        "//:node_modules/@angular/core/esm2015/src/application_ref.js",
        "//:node_modules/@angular/core/esm2015/src/application_tokens.js",
        "//:node_modules/@angular/core/esm2015/src/change_detection.js",
        "//:node_modules/@angular/core/esm2015/src/change_detection/change_detection.js",
        "//:node_modules/@angular/core/esm2015/src/change_detection/change_detection_util.js",
        "//:node_modules/@angular/core/esm2015/src/change_detection/change_detector_ref.js",
        "//:node_modules/@angular/core/esm2015/src/change_detection/constants.js",
        "//:node_modules/@angular/core/esm2015/src/change_detection/differs/default_iterable_differ.js",
        "//:node_modules/@angular/core/esm2015/src/change_detection/differs/default_keyvalue_differ.js",
        "//:node_modules/@angular/core/esm2015/src/change_detection/differs/iterable_differs.js",
        "//:node_modules/@angular/core/esm2015/src/change_detection/differs/keyvalue_differs.js",
        "//:node_modules/@angular/core/esm2015/src/change_detection/pipe_transform.js",
        "//:node_modules/@angular/core/esm2015/src/codegen_private_exports.js",
        "//:node_modules/@angular/core/esm2015/src/compiler/compiler.externs.js",
        "//:node_modules/@angular/core/esm2015/src/compiler/compiler_facade.js",
        "//:node_modules/@angular/core/esm2015/src/compiler/compiler_facade_interface.js",
        "//:node_modules/@angular/core/esm2015/src/console.js",
        "//:node_modules/@angular/core/esm2015/src/core.externs.js",
        "//:node_modules/@angular/core/esm2015/src/core.js",
        "//:node_modules/@angular/core/esm2015/src/core_private_export.js",
        "//:node_modules/@angular/core/esm2015/src/core_render3_private_export.js",
        "//:node_modules/@angular/core/esm2015/src/debug/debug_node.js",
        "//:node_modules/@angular/core/esm2015/src/di.js",
        "//:node_modules/@angular/core/esm2015/src/di/forward_ref.js",
        "//:node_modules/@angular/core/esm2015/src/di/index.js",
        "//:node_modules/@angular/core/esm2015/src/di/injectable.js",
        "//:node_modules/@angular/core/esm2015/src/di/injection_token.js",
        "//:node_modules/@angular/core/esm2015/src/di/injector.js",
        "//:node_modules/@angular/core/esm2015/src/di/injector_compatibility.js",
        "//:node_modules/@angular/core/esm2015/src/di/interface/defs.js",
        "//:node_modules/@angular/core/esm2015/src/di/interface/injector.js",
        "//:node_modules/@angular/core/esm2015/src/di/interface/interface.externs.js",
        "//:node_modules/@angular/core/esm2015/src/di/interface/provider.js",
        "//:node_modules/@angular/core/esm2015/src/di/jit/environment.js",
        "//:node_modules/@angular/core/esm2015/src/di/jit/injectable.js",
        "//:node_modules/@angular/core/esm2015/src/di/jit/util.js",
        "//:node_modules/@angular/core/esm2015/src/di/metadata.js",
        "//:node_modules/@angular/core/esm2015/src/di/r3_injector.js",
        "//:node_modules/@angular/core/esm2015/src/di/reflective_errors.js",
        "//:node_modules/@angular/core/esm2015/src/di/reflective_injector.js",
        "//:node_modules/@angular/core/esm2015/src/di/reflective_key.js",
        "//:node_modules/@angular/core/esm2015/src/di/reflective_provider.js",
        "//:node_modules/@angular/core/esm2015/src/di/scope.js",
        "//:node_modules/@angular/core/esm2015/src/di/util.js",
        "//:node_modules/@angular/core/esm2015/src/error_handler.js",
        "//:node_modules/@angular/core/esm2015/src/errors.js",
        "//:node_modules/@angular/core/esm2015/src/event_emitter.js",
        "//:node_modules/@angular/core/esm2015/src/i18n/locale_data.js",
        "//:node_modules/@angular/core/esm2015/src/i18n/locale_data_api.js",
        "//:node_modules/@angular/core/esm2015/src/i18n/locale_en.js",
        "//:node_modules/@angular/core/esm2015/src/i18n/localization.js",
        "//:node_modules/@angular/core/esm2015/src/i18n/tokens.js",
        "//:node_modules/@angular/core/esm2015/src/interface/interface.externs.js",
        "//:node_modules/@angular/core/esm2015/src/interface/lifecycle_hooks.js",
        "//:node_modules/@angular/core/esm2015/src/interface/simple_change.js",
        "//:node_modules/@angular/core/esm2015/src/interface/type.js",
        "//:node_modules/@angular/core/esm2015/src/ivy_switch.js",
        "//:node_modules/@angular/core/esm2015/src/linker.js",
        "//:node_modules/@angular/core/esm2015/src/linker/compiler.js",
        "//:node_modules/@angular/core/esm2015/src/linker/component_factory.js",
        "//:node_modules/@angular/core/esm2015/src/linker/component_factory_resolver.js",
        "//:node_modules/@angular/core/esm2015/src/linker/element_ref.js",
        "//:node_modules/@angular/core/esm2015/src/linker/ng_module_factory.js",
        "//:node_modules/@angular/core/esm2015/src/linker/ng_module_factory_loader.js",
        "//:node_modules/@angular/core/esm2015/src/linker/ng_module_factory_registration.js",
        "//:node_modules/@angular/core/esm2015/src/linker/query_list.js",
        "//:node_modules/@angular/core/esm2015/src/linker/system_js_ng_module_factory_loader.js",
        "//:node_modules/@angular/core/esm2015/src/linker/template_ref.js",
        "//:node_modules/@angular/core/esm2015/src/linker/view_container_ref.js",
        "//:node_modules/@angular/core/esm2015/src/linker/view_ref.js",
        "//:node_modules/@angular/core/esm2015/src/metadata.js",
        "//:node_modules/@angular/core/esm2015/src/metadata/di.js",
        "//:node_modules/@angular/core/esm2015/src/metadata/directives.js",
        "//:node_modules/@angular/core/esm2015/src/metadata/ng_module.js",
        "//:node_modules/@angular/core/esm2015/src/metadata/resource_loading.js",
        "//:node_modules/@angular/core/esm2015/src/metadata/schema.js",
        "//:node_modules/@angular/core/esm2015/src/metadata/view.js",
        "//:node_modules/@angular/core/esm2015/src/platform_core_providers.js",
        "//:node_modules/@angular/core/esm2015/src/profile/profile.js",
        "//:node_modules/@angular/core/esm2015/src/profile/wtf_impl.js",
        "//:node_modules/@angular/core/esm2015/src/r3_symbols.js",
        "//:node_modules/@angular/core/esm2015/src/reflection/platform_reflection_capabilities.js",
        "//:node_modules/@angular/core/esm2015/src/reflection/reflection.externs.js",
        "//:node_modules/@angular/core/esm2015/src/reflection/reflection.js",
        "//:node_modules/@angular/core/esm2015/src/reflection/reflection_capabilities.js",
        "//:node_modules/@angular/core/esm2015/src/reflection/reflector.js",
        "//:node_modules/@angular/core/esm2015/src/reflection/types.js",
        "//:node_modules/@angular/core/esm2015/src/render.js",
        "//:node_modules/@angular/core/esm2015/src/render/api.js",
        "//:node_modules/@angular/core/esm2015/src/render3/assert.js",
        "//:node_modules/@angular/core/esm2015/src/render3/bindings.js",
        "//:node_modules/@angular/core/esm2015/src/render3/component.js",
        "//:node_modules/@angular/core/esm2015/src/render3/component_ref.js",
        "//:node_modules/@angular/core/esm2015/src/render3/context_discovery.js",
        "//:node_modules/@angular/core/esm2015/src/render3/definition.js",
        "//:node_modules/@angular/core/esm2015/src/render3/di.js",
        "//:node_modules/@angular/core/esm2015/src/render3/di_setup.js",
        "//:node_modules/@angular/core/esm2015/src/render3/empty.js",
        "//:node_modules/@angular/core/esm2015/src/render3/errors.js",
        "//:node_modules/@angular/core/esm2015/src/render3/features/inherit_definition_feature.js",
        "//:node_modules/@angular/core/esm2015/src/render3/features/ng_onchanges_feature.js",
        "//:node_modules/@angular/core/esm2015/src/render3/features/providers_feature.js",
        "//:node_modules/@angular/core/esm2015/src/render3/fields.js",
        "//:node_modules/@angular/core/esm2015/src/render3/global_utils_api.js",
        "//:node_modules/@angular/core/esm2015/src/render3/hooks.js",
        "//:node_modules/@angular/core/esm2015/src/render3/i18n.js",
        "//:node_modules/@angular/core/esm2015/src/render3/index.js",
        "//:node_modules/@angular/core/esm2015/src/render3/instructions/all.js",
        "//:node_modules/@angular/core/esm2015/src/render3/instructions/alloc_host_vars.js",
        "//:node_modules/@angular/core/esm2015/src/render3/instructions/attribute.js",
        "//:node_modules/@angular/core/esm2015/src/render3/instructions/attribute_interpolation.js",
        "//:node_modules/@angular/core/esm2015/src/render3/instructions/change_detection.js",
        "//:node_modules/@angular/core/esm2015/src/render3/instructions/class_map_interpolation.js",
        "//:node_modules/@angular/core/esm2015/src/render3/instructions/container.js",
        "//:node_modules/@angular/core/esm2015/src/render3/instructions/di.js",
        "//:node_modules/@angular/core/esm2015/src/render3/instructions/element.js",
        "//:node_modules/@angular/core/esm2015/src/render3/instructions/element_container.js",
        "//:node_modules/@angular/core/esm2015/src/render3/instructions/embedded_view.js",
        "//:node_modules/@angular/core/esm2015/src/render3/instructions/get_current_view.js",
        "//:node_modules/@angular/core/esm2015/src/render3/instructions/host_property.js",
        "//:node_modules/@angular/core/esm2015/src/render3/instructions/interpolation.js",
        "//:node_modules/@angular/core/esm2015/src/render3/instructions/listener.js",
        "//:node_modules/@angular/core/esm2015/src/render3/instructions/lview_debug.js",
        "//:node_modules/@angular/core/esm2015/src/render3/instructions/namespace.js",
        "//:node_modules/@angular/core/esm2015/src/render3/instructions/next_context.js",
        "//:node_modules/@angular/core/esm2015/src/render3/instructions/projection.js",
        "//:node_modules/@angular/core/esm2015/src/render3/instructions/property.js",
        "//:node_modules/@angular/core/esm2015/src/render3/instructions/property_interpolation.js",
        "//:node_modules/@angular/core/esm2015/src/render3/instructions/select.js",
        "//:node_modules/@angular/core/esm2015/src/render3/instructions/shared.js",
        "//:node_modules/@angular/core/esm2015/src/render3/instructions/storage.js",
        "//:node_modules/@angular/core/esm2015/src/render3/instructions/style_prop_interpolation.js",
        "//:node_modules/@angular/core/esm2015/src/render3/instructions/text.js",
        "//:node_modules/@angular/core/esm2015/src/render3/instructions/text_interpolation.js",
        "//:node_modules/@angular/core/esm2015/src/render3/interfaces/container.js",
        "//:node_modules/@angular/core/esm2015/src/render3/interfaces/context.js",
        "//:node_modules/@angular/core/esm2015/src/render3/interfaces/definition.js",
        "//:node_modules/@angular/core/esm2015/src/render3/interfaces/i18n.js",
        "//:node_modules/@angular/core/esm2015/src/render3/interfaces/injector.js",
        "//:node_modules/@angular/core/esm2015/src/render3/interfaces/node.js",
        "//:node_modules/@angular/core/esm2015/src/render3/interfaces/player.js",
        "//:node_modules/@angular/core/esm2015/src/render3/interfaces/projection.js",
        "//:node_modules/@angular/core/esm2015/src/render3/interfaces/query.js",
        "//:node_modules/@angular/core/esm2015/src/render3/interfaces/renderer.js",
        "//:node_modules/@angular/core/esm2015/src/render3/interfaces/sanitization.js",
        "//:node_modules/@angular/core/esm2015/src/render3/interfaces/type_checks.js",
        "//:node_modules/@angular/core/esm2015/src/render3/interfaces/view.js",
        "//:node_modules/@angular/core/esm2015/src/render3/jit/directive.js",
        "//:node_modules/@angular/core/esm2015/src/render3/jit/environment.js",
        "//:node_modules/@angular/core/esm2015/src/render3/jit/module.js",
        "//:node_modules/@angular/core/esm2015/src/render3/jit/pipe.js",
        "//:node_modules/@angular/core/esm2015/src/render3/metadata.js",
        "//:node_modules/@angular/core/esm2015/src/render3/ng_module_ref.js",
        "//:node_modules/@angular/core/esm2015/src/render3/node_assert.js",
        "//:node_modules/@angular/core/esm2015/src/render3/node_manipulation.js",
        "//:node_modules/@angular/core/esm2015/src/render3/node_selector_matcher.js",
        "//:node_modules/@angular/core/esm2015/src/render3/node_util.js",
        "//:node_modules/@angular/core/esm2015/src/render3/pipe.js",
        "//:node_modules/@angular/core/esm2015/src/render3/pure_function.js",
        "//:node_modules/@angular/core/esm2015/src/render3/query.js",
        "//:node_modules/@angular/core/esm2015/src/render3/state.js",
        "//:node_modules/@angular/core/esm2015/src/render3/styling_next/bindings.js",
        "//:node_modules/@angular/core/esm2015/src/render3/styling_next/instructions.js",
        "//:node_modules/@angular/core/esm2015/src/render3/styling_next/interfaces.js",
        "//:node_modules/@angular/core/esm2015/src/render3/styling_next/map_based_bindings.js",
        "//:node_modules/@angular/core/esm2015/src/render3/styling_next/state.js",
        "//:node_modules/@angular/core/esm2015/src/render3/styling_next/styling_debug.js",
        "//:node_modules/@angular/core/esm2015/src/render3/styling_next/util.js",
        "//:node_modules/@angular/core/esm2015/src/render3/tokens.js",
        "//:node_modules/@angular/core/esm2015/src/render3/util/attrs_utils.js",
        "//:node_modules/@angular/core/esm2015/src/render3/util/debug_utils.js",
        "//:node_modules/@angular/core/esm2015/src/render3/util/discovery_utils.js",
        "//:node_modules/@angular/core/esm2015/src/render3/util/global_utils.js",
        "//:node_modules/@angular/core/esm2015/src/render3/util/injector_utils.js",
        "//:node_modules/@angular/core/esm2015/src/render3/util/misc_utils.js",
        "//:node_modules/@angular/core/esm2015/src/render3/util/view_traversal_utils.js",
        "//:node_modules/@angular/core/esm2015/src/render3/util/view_utils.js",
        "//:node_modules/@angular/core/esm2015/src/render3/view_engine_compatibility.js",
        "//:node_modules/@angular/core/esm2015/src/render3/view_engine_compatibility_prebound.js",
        "//:node_modules/@angular/core/esm2015/src/render3/view_ref.js",
        "//:node_modules/@angular/core/esm2015/src/sanitization/bypass.js",
        "//:node_modules/@angular/core/esm2015/src/sanitization/html_sanitizer.js",
        "//:node_modules/@angular/core/esm2015/src/sanitization/inert_body.js",
        "//:node_modules/@angular/core/esm2015/src/sanitization/sanitization.js",
        "//:node_modules/@angular/core/esm2015/src/sanitization/sanitizer.js",
        "//:node_modules/@angular/core/esm2015/src/sanitization/security.js",
        "//:node_modules/@angular/core/esm2015/src/sanitization/style_sanitizer.js",
        "//:node_modules/@angular/core/esm2015/src/sanitization/url_sanitizer.js",
        "//:node_modules/@angular/core/esm2015/src/testability/testability.externs.js",
        "//:node_modules/@angular/core/esm2015/src/testability/testability.js",
        "//:node_modules/@angular/core/esm2015/src/util/WrappedValue.js",
        "//:node_modules/@angular/core/esm2015/src/util/array_utils.js",
        "//:node_modules/@angular/core/esm2015/src/util/assert.js",
        "//:node_modules/@angular/core/esm2015/src/util/closure.js",
        "//:node_modules/@angular/core/esm2015/src/util/comparison.js",
        "//:node_modules/@angular/core/esm2015/src/util/decorators.js",
        "//:node_modules/@angular/core/esm2015/src/util/empty.js",
        "//:node_modules/@angular/core/esm2015/src/util/errors.js",
        "//:node_modules/@angular/core/esm2015/src/util/global.js",
        "//:node_modules/@angular/core/esm2015/src/util/is_dev_mode.js",
        "//:node_modules/@angular/core/esm2015/src/util/iterable.js",
        "//:node_modules/@angular/core/esm2015/src/util/lang.js",
        "//:node_modules/@angular/core/esm2015/src/util/microtask.js",
        "//:node_modules/@angular/core/esm2015/src/util/named_array_type.js",
        "//:node_modules/@angular/core/esm2015/src/util/ng_dev_mode.js",
        "//:node_modules/@angular/core/esm2015/src/util/ng_i18n_closure_mode.js",
        "//:node_modules/@angular/core/esm2015/src/util/ng_reflect.js",
        "//:node_modules/@angular/core/esm2015/src/util/noop.js",
        "//:node_modules/@angular/core/esm2015/src/util/property.js",
        "//:node_modules/@angular/core/esm2015/src/util/stringify.js",
        "//:node_modules/@angular/core/esm2015/src/util/symbol.js",
        "//:node_modules/@angular/core/esm2015/src/util/util.externs.js",
        "//:node_modules/@angular/core/esm2015/src/version.js",
        "//:node_modules/@angular/core/esm2015/src/view/element.js",
        "//:node_modules/@angular/core/esm2015/src/view/entrypoint.js",
        "//:node_modules/@angular/core/esm2015/src/view/errors.js",
        "//:node_modules/@angular/core/esm2015/src/view/index.js",
        "//:node_modules/@angular/core/esm2015/src/view/ng_content.js",
        "//:node_modules/@angular/core/esm2015/src/view/ng_module.js",
        "//:node_modules/@angular/core/esm2015/src/view/provider.js",
        "//:node_modules/@angular/core/esm2015/src/view/pure_expression.js",
        "//:node_modules/@angular/core/esm2015/src/view/query.js",
        "//:node_modules/@angular/core/esm2015/src/view/refs.js",
        "//:node_modules/@angular/core/esm2015/src/view/services.js",
        "//:node_modules/@angular/core/esm2015/src/view/text.js",
        "//:node_modules/@angular/core/esm2015/src/view/types.js",
        "//:node_modules/@angular/core/esm2015/src/view/util.js",
        "//:node_modules/@angular/core/esm2015/src/view/view.js",
        "//:node_modules/@angular/core/esm2015/src/view/view_attach.js",
        "//:node_modules/@angular/core/esm2015/src/zone.js",
        "//:node_modules/@angular/core/esm2015/src/zone/ng_zone.js",
        "//:node_modules/@angular/core/esm2015/testing/index.js",
        "//:node_modules/@angular/core/esm2015/testing/public_api.js",
        "//:node_modules/@angular/core/esm2015/testing/src/async.js",
        "//:node_modules/@angular/core/esm2015/testing/src/async_fallback.js",
        "//:node_modules/@angular/core/esm2015/testing/src/async_test_completer.js",
        "//:node_modules/@angular/core/esm2015/testing/src/before_each.js",
        "//:node_modules/@angular/core/esm2015/testing/src/component_fixture.js",
        "//:node_modules/@angular/core/esm2015/testing/src/fake_async.js",
        "//:node_modules/@angular/core/esm2015/testing/src/fake_async_fallback.js",
        "//:node_modules/@angular/core/esm2015/testing/src/lang_utils.js",
        "//:node_modules/@angular/core/esm2015/testing/src/logger.js",
        "//:node_modules/@angular/core/esm2015/testing/src/metadata_override.js",
        "//:node_modules/@angular/core/esm2015/testing/src/metadata_overrider.js",
        "//:node_modules/@angular/core/esm2015/testing/src/ng_zone_mock.js",
        "//:node_modules/@angular/core/esm2015/testing/src/private_export_testing.js",
        "//:node_modules/@angular/core/esm2015/testing/src/r3_test_bed.js",
        "//:node_modules/@angular/core/esm2015/testing/src/r3_test_bed_compiler.js",
        "//:node_modules/@angular/core/esm2015/testing/src/resolvers.js",
        "//:node_modules/@angular/core/esm2015/testing/src/test_bed.js",
        "//:node_modules/@angular/core/esm2015/testing/src/test_bed_common.js",
        "//:node_modules/@angular/core/esm2015/testing/src/test_compiler.js",
        "//:node_modules/@angular/core/esm2015/testing/src/testing.js",
        "//:node_modules/@angular/core/esm2015/testing/src/testing_internal.js",
        "//:node_modules/@angular/core/esm2015/testing/testing.externs.js",
        "//:node_modules/@angular/core/esm2015/testing/testing.js",
        "//:node_modules/@angular/core/esm5/core.js",
        "//:node_modules/@angular/core/esm5/index.js",
        "//:node_modules/@angular/core/esm5/public_api.js",
        "//:node_modules/@angular/core/esm5/src/application_init.js",
        "//:node_modules/@angular/core/esm5/src/application_module.js",
        "//:node_modules/@angular/core/esm5/src/application_ref.js",
        "//:node_modules/@angular/core/esm5/src/application_tokens.js",
        "//:node_modules/@angular/core/esm5/src/change_detection.js",
        "//:node_modules/@angular/core/esm5/src/change_detection/change_detection.js",
        "//:node_modules/@angular/core/esm5/src/change_detection/change_detection_util.js",
        "//:node_modules/@angular/core/esm5/src/change_detection/change_detector_ref.js",
        "//:node_modules/@angular/core/esm5/src/change_detection/constants.js",
        "//:node_modules/@angular/core/esm5/src/change_detection/differs/default_iterable_differ.js",
        "//:node_modules/@angular/core/esm5/src/change_detection/differs/default_keyvalue_differ.js",
        "//:node_modules/@angular/core/esm5/src/change_detection/differs/iterable_differs.js",
        "//:node_modules/@angular/core/esm5/src/change_detection/differs/keyvalue_differs.js",
        "//:node_modules/@angular/core/esm5/src/change_detection/pipe_transform.js",
        "//:node_modules/@angular/core/esm5/src/codegen_private_exports.js",
        "//:node_modules/@angular/core/esm5/src/compiler/compiler_facade.js",
        "//:node_modules/@angular/core/esm5/src/compiler/compiler_facade_interface.js",
        "//:node_modules/@angular/core/esm5/src/console.js",
        "//:node_modules/@angular/core/esm5/src/core.js",
        "//:node_modules/@angular/core/esm5/src/core_private_export.js",
        "//:node_modules/@angular/core/esm5/src/core_render3_private_export.js",
        "//:node_modules/@angular/core/esm5/src/debug/debug_node.js",
        "//:node_modules/@angular/core/esm5/src/di.js",
        "//:node_modules/@angular/core/esm5/src/di/forward_ref.js",
        "//:node_modules/@angular/core/esm5/src/di/index.js",
        "//:node_modules/@angular/core/esm5/src/di/injectable.js",
        "//:node_modules/@angular/core/esm5/src/di/injection_token.js",
        "//:node_modules/@angular/core/esm5/src/di/injector.js",
        "//:node_modules/@angular/core/esm5/src/di/injector_compatibility.js",
        "//:node_modules/@angular/core/esm5/src/di/interface/defs.js",
        "//:node_modules/@angular/core/esm5/src/di/interface/injector.js",
        "//:node_modules/@angular/core/esm5/src/di/interface/provider.js",
        "//:node_modules/@angular/core/esm5/src/di/jit/environment.js",
        "//:node_modules/@angular/core/esm5/src/di/jit/injectable.js",
        "//:node_modules/@angular/core/esm5/src/di/jit/util.js",
        "//:node_modules/@angular/core/esm5/src/di/metadata.js",
        "//:node_modules/@angular/core/esm5/src/di/r3_injector.js",
        "//:node_modules/@angular/core/esm5/src/di/reflective_errors.js",
        "//:node_modules/@angular/core/esm5/src/di/reflective_injector.js",
        "//:node_modules/@angular/core/esm5/src/di/reflective_key.js",
        "//:node_modules/@angular/core/esm5/src/di/reflective_provider.js",
        "//:node_modules/@angular/core/esm5/src/di/scope.js",
        "//:node_modules/@angular/core/esm5/src/di/util.js",
        "//:node_modules/@angular/core/esm5/src/error_handler.js",
        "//:node_modules/@angular/core/esm5/src/errors.js",
        "//:node_modules/@angular/core/esm5/src/event_emitter.js",
        "//:node_modules/@angular/core/esm5/src/i18n/locale_data.js",
        "//:node_modules/@angular/core/esm5/src/i18n/locale_data_api.js",
        "//:node_modules/@angular/core/esm5/src/i18n/locale_en.js",
        "//:node_modules/@angular/core/esm5/src/i18n/localization.js",
        "//:node_modules/@angular/core/esm5/src/i18n/tokens.js",
        "//:node_modules/@angular/core/esm5/src/interface/lifecycle_hooks.js",
        "//:node_modules/@angular/core/esm5/src/interface/simple_change.js",
        "//:node_modules/@angular/core/esm5/src/interface/type.js",
        "//:node_modules/@angular/core/esm5/src/ivy_switch.js",
        "//:node_modules/@angular/core/esm5/src/linker.js",
        "//:node_modules/@angular/core/esm5/src/linker/compiler.js",
        "//:node_modules/@angular/core/esm5/src/linker/component_factory.js",
        "//:node_modules/@angular/core/esm5/src/linker/component_factory_resolver.js",
        "//:node_modules/@angular/core/esm5/src/linker/element_ref.js",
        "//:node_modules/@angular/core/esm5/src/linker/ng_module_factory.js",
        "//:node_modules/@angular/core/esm5/src/linker/ng_module_factory_loader.js",
        "//:node_modules/@angular/core/esm5/src/linker/ng_module_factory_registration.js",
        "//:node_modules/@angular/core/esm5/src/linker/query_list.js",
        "//:node_modules/@angular/core/esm5/src/linker/system_js_ng_module_factory_loader.js",
        "//:node_modules/@angular/core/esm5/src/linker/template_ref.js",
        "//:node_modules/@angular/core/esm5/src/linker/view_container_ref.js",
        "//:node_modules/@angular/core/esm5/src/linker/view_ref.js",
        "//:node_modules/@angular/core/esm5/src/metadata.js",
        "//:node_modules/@angular/core/esm5/src/metadata/di.js",
        "//:node_modules/@angular/core/esm5/src/metadata/directives.js",
        "//:node_modules/@angular/core/esm5/src/metadata/ng_module.js",
        "//:node_modules/@angular/core/esm5/src/metadata/resource_loading.js",
        "//:node_modules/@angular/core/esm5/src/metadata/schema.js",
        "//:node_modules/@angular/core/esm5/src/metadata/view.js",
        "//:node_modules/@angular/core/esm5/src/platform_core_providers.js",
        "//:node_modules/@angular/core/esm5/src/profile/profile.js",
        "//:node_modules/@angular/core/esm5/src/profile/wtf_impl.js",
        "//:node_modules/@angular/core/esm5/src/r3_symbols.js",
        "//:node_modules/@angular/core/esm5/src/reflection/platform_reflection_capabilities.js",
        "//:node_modules/@angular/core/esm5/src/reflection/reflection.js",
        "//:node_modules/@angular/core/esm5/src/reflection/reflection_capabilities.js",
        "//:node_modules/@angular/core/esm5/src/reflection/reflector.js",
        "//:node_modules/@angular/core/esm5/src/reflection/types.js",
        "//:node_modules/@angular/core/esm5/src/render.js",
        "//:node_modules/@angular/core/esm5/src/render/api.js",
        "//:node_modules/@angular/core/esm5/src/render3/assert.js",
        "//:node_modules/@angular/core/esm5/src/render3/bindings.js",
        "//:node_modules/@angular/core/esm5/src/render3/component.js",
        "//:node_modules/@angular/core/esm5/src/render3/component_ref.js",
        "//:node_modules/@angular/core/esm5/src/render3/context_discovery.js",
        "//:node_modules/@angular/core/esm5/src/render3/definition.js",
        "//:node_modules/@angular/core/esm5/src/render3/di.js",
        "//:node_modules/@angular/core/esm5/src/render3/di_setup.js",
        "//:node_modules/@angular/core/esm5/src/render3/empty.js",
        "//:node_modules/@angular/core/esm5/src/render3/errors.js",
        "//:node_modules/@angular/core/esm5/src/render3/features/inherit_definition_feature.js",
        "//:node_modules/@angular/core/esm5/src/render3/features/ng_onchanges_feature.js",
        "//:node_modules/@angular/core/esm5/src/render3/features/providers_feature.js",
        "//:node_modules/@angular/core/esm5/src/render3/fields.js",
        "//:node_modules/@angular/core/esm5/src/render3/global_utils_api.js",
        "//:node_modules/@angular/core/esm5/src/render3/hooks.js",
        "//:node_modules/@angular/core/esm5/src/render3/i18n.js",
        "//:node_modules/@angular/core/esm5/src/render3/index.js",
        "//:node_modules/@angular/core/esm5/src/render3/instructions/all.js",
        "//:node_modules/@angular/core/esm5/src/render3/instructions/alloc_host_vars.js",
        "//:node_modules/@angular/core/esm5/src/render3/instructions/attribute.js",
        "//:node_modules/@angular/core/esm5/src/render3/instructions/attribute_interpolation.js",
        "//:node_modules/@angular/core/esm5/src/render3/instructions/change_detection.js",
        "//:node_modules/@angular/core/esm5/src/render3/instructions/class_map_interpolation.js",
        "//:node_modules/@angular/core/esm5/src/render3/instructions/container.js",
        "//:node_modules/@angular/core/esm5/src/render3/instructions/di.js",
        "//:node_modules/@angular/core/esm5/src/render3/instructions/element.js",
        "//:node_modules/@angular/core/esm5/src/render3/instructions/element_container.js",
        "//:node_modules/@angular/core/esm5/src/render3/instructions/embedded_view.js",
        "//:node_modules/@angular/core/esm5/src/render3/instructions/get_current_view.js",
        "//:node_modules/@angular/core/esm5/src/render3/instructions/host_property.js",
        "//:node_modules/@angular/core/esm5/src/render3/instructions/interpolation.js",
        "//:node_modules/@angular/core/esm5/src/render3/instructions/listener.js",
        "//:node_modules/@angular/core/esm5/src/render3/instructions/lview_debug.js",
        "//:node_modules/@angular/core/esm5/src/render3/instructions/namespace.js",
        "//:node_modules/@angular/core/esm5/src/render3/instructions/next_context.js",
        "//:node_modules/@angular/core/esm5/src/render3/instructions/projection.js",
        "//:node_modules/@angular/core/esm5/src/render3/instructions/property.js",
        "//:node_modules/@angular/core/esm5/src/render3/instructions/property_interpolation.js",
        "//:node_modules/@angular/core/esm5/src/render3/instructions/select.js",
        "//:node_modules/@angular/core/esm5/src/render3/instructions/shared.js",
        "//:node_modules/@angular/core/esm5/src/render3/instructions/storage.js",
        "//:node_modules/@angular/core/esm5/src/render3/instructions/style_prop_interpolation.js",
        "//:node_modules/@angular/core/esm5/src/render3/instructions/text.js",
        "//:node_modules/@angular/core/esm5/src/render3/instructions/text_interpolation.js",
        "//:node_modules/@angular/core/esm5/src/render3/interfaces/container.js",
        "//:node_modules/@angular/core/esm5/src/render3/interfaces/context.js",
        "//:node_modules/@angular/core/esm5/src/render3/interfaces/definition.js",
        "//:node_modules/@angular/core/esm5/src/render3/interfaces/i18n.js",
        "//:node_modules/@angular/core/esm5/src/render3/interfaces/injector.js",
        "//:node_modules/@angular/core/esm5/src/render3/interfaces/node.js",
        "//:node_modules/@angular/core/esm5/src/render3/interfaces/player.js",
        "//:node_modules/@angular/core/esm5/src/render3/interfaces/projection.js",
        "//:node_modules/@angular/core/esm5/src/render3/interfaces/query.js",
        "//:node_modules/@angular/core/esm5/src/render3/interfaces/renderer.js",
        "//:node_modules/@angular/core/esm5/src/render3/interfaces/sanitization.js",
        "//:node_modules/@angular/core/esm5/src/render3/interfaces/type_checks.js",
        "//:node_modules/@angular/core/esm5/src/render3/interfaces/view.js",
        "//:node_modules/@angular/core/esm5/src/render3/jit/directive.js",
        "//:node_modules/@angular/core/esm5/src/render3/jit/environment.js",
        "//:node_modules/@angular/core/esm5/src/render3/jit/module.js",
        "//:node_modules/@angular/core/esm5/src/render3/jit/pipe.js",
        "//:node_modules/@angular/core/esm5/src/render3/metadata.js",
        "//:node_modules/@angular/core/esm5/src/render3/ng_module_ref.js",
        "//:node_modules/@angular/core/esm5/src/render3/node_assert.js",
        "//:node_modules/@angular/core/esm5/src/render3/node_manipulation.js",
        "//:node_modules/@angular/core/esm5/src/render3/node_selector_matcher.js",
        "//:node_modules/@angular/core/esm5/src/render3/node_util.js",
        "//:node_modules/@angular/core/esm5/src/render3/pipe.js",
        "//:node_modules/@angular/core/esm5/src/render3/pure_function.js",
        "//:node_modules/@angular/core/esm5/src/render3/query.js",
        "//:node_modules/@angular/core/esm5/src/render3/state.js",
        "//:node_modules/@angular/core/esm5/src/render3/styling_next/bindings.js",
        "//:node_modules/@angular/core/esm5/src/render3/styling_next/instructions.js",
        "//:node_modules/@angular/core/esm5/src/render3/styling_next/interfaces.js",
        "//:node_modules/@angular/core/esm5/src/render3/styling_next/map_based_bindings.js",
        "//:node_modules/@angular/core/esm5/src/render3/styling_next/state.js",
        "//:node_modules/@angular/core/esm5/src/render3/styling_next/styling_debug.js",
        "//:node_modules/@angular/core/esm5/src/render3/styling_next/util.js",
        "//:node_modules/@angular/core/esm5/src/render3/tokens.js",
        "//:node_modules/@angular/core/esm5/src/render3/util/attrs_utils.js",
        "//:node_modules/@angular/core/esm5/src/render3/util/debug_utils.js",
        "//:node_modules/@angular/core/esm5/src/render3/util/discovery_utils.js",
        "//:node_modules/@angular/core/esm5/src/render3/util/global_utils.js",
        "//:node_modules/@angular/core/esm5/src/render3/util/injector_utils.js",
        "//:node_modules/@angular/core/esm5/src/render3/util/misc_utils.js",
        "//:node_modules/@angular/core/esm5/src/render3/util/view_traversal_utils.js",
        "//:node_modules/@angular/core/esm5/src/render3/util/view_utils.js",
        "//:node_modules/@angular/core/esm5/src/render3/view_engine_compatibility.js",
        "//:node_modules/@angular/core/esm5/src/render3/view_engine_compatibility_prebound.js",
        "//:node_modules/@angular/core/esm5/src/render3/view_ref.js",
        "//:node_modules/@angular/core/esm5/src/sanitization/bypass.js",
        "//:node_modules/@angular/core/esm5/src/sanitization/html_sanitizer.js",
        "//:node_modules/@angular/core/esm5/src/sanitization/inert_body.js",
        "//:node_modules/@angular/core/esm5/src/sanitization/sanitization.js",
        "//:node_modules/@angular/core/esm5/src/sanitization/sanitizer.js",
        "//:node_modules/@angular/core/esm5/src/sanitization/security.js",
        "//:node_modules/@angular/core/esm5/src/sanitization/style_sanitizer.js",
        "//:node_modules/@angular/core/esm5/src/sanitization/url_sanitizer.js",
        "//:node_modules/@angular/core/esm5/src/testability/testability.js",
        "//:node_modules/@angular/core/esm5/src/util/WrappedValue.js",
        "//:node_modules/@angular/core/esm5/src/util/array_utils.js",
        "//:node_modules/@angular/core/esm5/src/util/assert.js",
        "//:node_modules/@angular/core/esm5/src/util/closure.js",
        "//:node_modules/@angular/core/esm5/src/util/comparison.js",
        "//:node_modules/@angular/core/esm5/src/util/decorators.js",
        "//:node_modules/@angular/core/esm5/src/util/empty.js",
        "//:node_modules/@angular/core/esm5/src/util/errors.js",
        "//:node_modules/@angular/core/esm5/src/util/global.js",
        "//:node_modules/@angular/core/esm5/src/util/is_dev_mode.js",
        "//:node_modules/@angular/core/esm5/src/util/iterable.js",
        "//:node_modules/@angular/core/esm5/src/util/lang.js",
        "//:node_modules/@angular/core/esm5/src/util/microtask.js",
        "//:node_modules/@angular/core/esm5/src/util/named_array_type.js",
        "//:node_modules/@angular/core/esm5/src/util/ng_dev_mode.js",
        "//:node_modules/@angular/core/esm5/src/util/ng_i18n_closure_mode.js",
        "//:node_modules/@angular/core/esm5/src/util/ng_reflect.js",
        "//:node_modules/@angular/core/esm5/src/util/noop.js",
        "//:node_modules/@angular/core/esm5/src/util/property.js",
        "//:node_modules/@angular/core/esm5/src/util/stringify.js",
        "//:node_modules/@angular/core/esm5/src/util/symbol.js",
        "//:node_modules/@angular/core/esm5/src/version.js",
        "//:node_modules/@angular/core/esm5/src/view/element.js",
        "//:node_modules/@angular/core/esm5/src/view/entrypoint.js",
        "//:node_modules/@angular/core/esm5/src/view/errors.js",
        "//:node_modules/@angular/core/esm5/src/view/index.js",
        "//:node_modules/@angular/core/esm5/src/view/ng_content.js",
        "//:node_modules/@angular/core/esm5/src/view/ng_module.js",
        "//:node_modules/@angular/core/esm5/src/view/provider.js",
        "//:node_modules/@angular/core/esm5/src/view/pure_expression.js",
        "//:node_modules/@angular/core/esm5/src/view/query.js",
        "//:node_modules/@angular/core/esm5/src/view/refs.js",
        "//:node_modules/@angular/core/esm5/src/view/services.js",
        "//:node_modules/@angular/core/esm5/src/view/text.js",
        "//:node_modules/@angular/core/esm5/src/view/types.js",
        "//:node_modules/@angular/core/esm5/src/view/util.js",
        "//:node_modules/@angular/core/esm5/src/view/view.js",
        "//:node_modules/@angular/core/esm5/src/view/view_attach.js",
        "//:node_modules/@angular/core/esm5/src/zone.js",
        "//:node_modules/@angular/core/esm5/src/zone/ng_zone.js",
        "//:node_modules/@angular/core/esm5/testing/index.js",
        "//:node_modules/@angular/core/esm5/testing/public_api.js",
        "//:node_modules/@angular/core/esm5/testing/src/async.js",
        "//:node_modules/@angular/core/esm5/testing/src/async_fallback.js",
        "//:node_modules/@angular/core/esm5/testing/src/async_test_completer.js",
        "//:node_modules/@angular/core/esm5/testing/src/before_each.js",
        "//:node_modules/@angular/core/esm5/testing/src/component_fixture.js",
        "//:node_modules/@angular/core/esm5/testing/src/fake_async.js",
        "//:node_modules/@angular/core/esm5/testing/src/fake_async_fallback.js",
        "//:node_modules/@angular/core/esm5/testing/src/lang_utils.js",
        "//:node_modules/@angular/core/esm5/testing/src/logger.js",
        "//:node_modules/@angular/core/esm5/testing/src/metadata_override.js",
        "//:node_modules/@angular/core/esm5/testing/src/metadata_overrider.js",
        "//:node_modules/@angular/core/esm5/testing/src/ng_zone_mock.js",
        "//:node_modules/@angular/core/esm5/testing/src/private_export_testing.js",
        "//:node_modules/@angular/core/esm5/testing/src/r3_test_bed.js",
        "//:node_modules/@angular/core/esm5/testing/src/r3_test_bed_compiler.js",
        "//:node_modules/@angular/core/esm5/testing/src/resolvers.js",
        "//:node_modules/@angular/core/esm5/testing/src/test_bed.js",
        "//:node_modules/@angular/core/esm5/testing/src/test_bed_common.js",
        "//:node_modules/@angular/core/esm5/testing/src/test_compiler.js",
        "//:node_modules/@angular/core/esm5/testing/src/testing.js",
        "//:node_modules/@angular/core/esm5/testing/src/testing_internal.js",
        "//:node_modules/@angular/core/esm5/testing/testing.js",
        "//:node_modules/@angular/core/fesm2015/core.js",
        "//:node_modules/@angular/core/fesm2015/core.js.map",
        "//:node_modules/@angular/core/fesm2015/testing.js",
        "//:node_modules/@angular/core/fesm2015/testing.js.map",
        "//:node_modules/@angular/core/fesm5/core.js",
        "//:node_modules/@angular/core/fesm5/core.js.map",
        "//:node_modules/@angular/core/fesm5/testing.js",
        "//:node_modules/@angular/core/fesm5/testing.js.map",
        "//:node_modules/@angular/core/package.json",
        "//:node_modules/@angular/core/schematics/migrations.json",
        "//:node_modules/@angular/core/schematics/migrations/missing-injectable/import_manager.d.ts",
        "//:node_modules/@angular/core/schematics/migrations/missing-injectable/import_manager.js",
        "//:node_modules/@angular/core/schematics/migrations/missing-injectable/index.d.ts",
        "//:node_modules/@angular/core/schematics/migrations/missing-injectable/index.js",
        "//:node_modules/@angular/core/schematics/migrations/missing-injectable/module_collector.d.ts",
        "//:node_modules/@angular/core/schematics/migrations/missing-injectable/module_collector.js",
        "//:node_modules/@angular/core/schematics/migrations/missing-injectable/transform.d.ts",
        "//:node_modules/@angular/core/schematics/migrations/missing-injectable/transform.js",
        "//:node_modules/@angular/core/schematics/migrations/missing-injectable/update_recorder.d.ts",
        "//:node_modules/@angular/core/schematics/migrations/missing-injectable/update_recorder.js",
        "//:node_modules/@angular/core/schematics/migrations/move-document/document_import_visitor.d.ts",
        "//:node_modules/@angular/core/schematics/migrations/move-document/document_import_visitor.js",
        "//:node_modules/@angular/core/schematics/migrations/move-document/index.d.ts",
        "//:node_modules/@angular/core/schematics/migrations/move-document/index.js",
        "//:node_modules/@angular/core/schematics/migrations/move-document/move-import.d.ts",
        "//:node_modules/@angular/core/schematics/migrations/move-document/move-import.js",
        "//:node_modules/@angular/core/schematics/migrations/renderer-to-renderer2/helpers.d.ts",
        "//:node_modules/@angular/core/schematics/migrations/renderer-to-renderer2/helpers.js",
        "//:node_modules/@angular/core/schematics/migrations/renderer-to-renderer2/index.d.ts",
        "//:node_modules/@angular/core/schematics/migrations/renderer-to-renderer2/index.js",
        "//:node_modules/@angular/core/schematics/migrations/renderer-to-renderer2/migration.d.ts",
        "//:node_modules/@angular/core/schematics/migrations/renderer-to-renderer2/migration.js",
        "//:node_modules/@angular/core/schematics/migrations/renderer-to-renderer2/util.d.ts",
        "//:node_modules/@angular/core/schematics/migrations/renderer-to-renderer2/util.js",
        "//:node_modules/@angular/core/schematics/migrations/static-queries/angular/directive_inputs.d.ts",
        "//:node_modules/@angular/core/schematics/migrations/static-queries/angular/directive_inputs.js",
        "//:node_modules/@angular/core/schematics/migrations/static-queries/angular/ng_query_visitor.d.ts",
        "//:node_modules/@angular/core/schematics/migrations/static-queries/angular/ng_query_visitor.js",
        "//:node_modules/@angular/core/schematics/migrations/static-queries/angular/query-definition.d.ts",
        "//:node_modules/@angular/core/schematics/migrations/static-queries/angular/query-definition.js",
        "//:node_modules/@angular/core/schematics/migrations/static-queries/angular/super_class.d.ts",
        "//:node_modules/@angular/core/schematics/migrations/static-queries/angular/super_class.js",
        "//:node_modules/@angular/core/schematics/migrations/static-queries/index.d.ts",
        "//:node_modules/@angular/core/schematics/migrations/static-queries/index.js",
        "//:node_modules/@angular/core/schematics/migrations/static-queries/strategies/template_strategy/template_strategy.d.ts",
        "//:node_modules/@angular/core/schematics/migrations/static-queries/strategies/template_strategy/template_strategy.js",
        "//:node_modules/@angular/core/schematics/migrations/static-queries/strategies/test_strategy/test_strategy.d.ts",
        "//:node_modules/@angular/core/schematics/migrations/static-queries/strategies/test_strategy/test_strategy.js",
        "//:node_modules/@angular/core/schematics/migrations/static-queries/strategies/timing-strategy.d.ts",
        "//:node_modules/@angular/core/schematics/migrations/static-queries/strategies/timing-strategy.js",
        "//:node_modules/@angular/core/schematics/migrations/static-queries/strategies/usage_strategy/declaration_usage_visitor.d.ts",
        "//:node_modules/@angular/core/schematics/migrations/static-queries/strategies/usage_strategy/declaration_usage_visitor.js",
        "//:node_modules/@angular/core/schematics/migrations/static-queries/strategies/usage_strategy/super_class_context.d.ts",
        "//:node_modules/@angular/core/schematics/migrations/static-queries/strategies/usage_strategy/super_class_context.js",
        "//:node_modules/@angular/core/schematics/migrations/static-queries/strategies/usage_strategy/template_usage_visitor.d.ts",
        "//:node_modules/@angular/core/schematics/migrations/static-queries/strategies/usage_strategy/template_usage_visitor.js",
        "//:node_modules/@angular/core/schematics/migrations/static-queries/strategies/usage_strategy/usage_strategy.d.ts",
        "//:node_modules/@angular/core/schematics/migrations/static-queries/strategies/usage_strategy/usage_strategy.js",
        "//:node_modules/@angular/core/schematics/migrations/static-queries/transform.d.ts",
        "//:node_modules/@angular/core/schematics/migrations/static-queries/transform.js",
        "//:node_modules/@angular/core/schematics/migrations/template-var-assignment/analyze_template.d.ts",
        "//:node_modules/@angular/core/schematics/migrations/template-var-assignment/analyze_template.js",
        "//:node_modules/@angular/core/schematics/migrations/template-var-assignment/angular/html_variable_assignment_visitor.d.ts",
        "//:node_modules/@angular/core/schematics/migrations/template-var-assignment/angular/html_variable_assignment_visitor.js",
        "//:node_modules/@angular/core/schematics/migrations/template-var-assignment/index.d.ts",
        "//:node_modules/@angular/core/schematics/migrations/template-var-assignment/index.js",
        "//:node_modules/@angular/core/schematics/migrations/undecorated-classes-with-decorated-fields/index.d.ts",
        "//:node_modules/@angular/core/schematics/migrations/undecorated-classes-with-decorated-fields/index.js",
        "//:node_modules/@angular/core/schematics/migrations/undecorated-classes-with-decorated-fields/utils.d.ts",
        "//:node_modules/@angular/core/schematics/migrations/undecorated-classes-with-decorated-fields/utils.js",
        "//:node_modules/@angular/core/schematics/migrations/undecorated-classes-with-di/create_ngc_program.d.ts",
        "//:node_modules/@angular/core/schematics/migrations/undecorated-classes-with-di/create_ngc_program.js",
        "//:node_modules/@angular/core/schematics/migrations/undecorated-classes-with-di/decorator_rewrite/convert_directive_metadata.d.ts",
        "//:node_modules/@angular/core/schematics/migrations/undecorated-classes-with-di/decorator_rewrite/convert_directive_metadata.js",
        "//:node_modules/@angular/core/schematics/migrations/undecorated-classes-with-di/decorator_rewrite/decorator_rewriter.d.ts",
        "//:node_modules/@angular/core/schematics/migrations/undecorated-classes-with-di/decorator_rewrite/decorator_rewriter.js",
        "//:node_modules/@angular/core/schematics/migrations/undecorated-classes-with-di/decorator_rewrite/import_rewrite_visitor.d.ts",
        "//:node_modules/@angular/core/schematics/migrations/undecorated-classes-with-di/decorator_rewrite/import_rewrite_visitor.js",
        "//:node_modules/@angular/core/schematics/migrations/undecorated-classes-with-di/decorator_rewrite/path_format.d.ts",
        "//:node_modules/@angular/core/schematics/migrations/undecorated-classes-with-di/decorator_rewrite/path_format.js",
        "//:node_modules/@angular/core/schematics/migrations/undecorated-classes-with-di/decorator_rewrite/source_file_exports.d.ts",
        "//:node_modules/@angular/core/schematics/migrations/undecorated-classes-with-di/decorator_rewrite/source_file_exports.js",
        "//:node_modules/@angular/core/schematics/migrations/undecorated-classes-with-di/find_base_classes.d.ts",
        "//:node_modules/@angular/core/schematics/migrations/undecorated-classes-with-di/find_base_classes.js",
        "//:node_modules/@angular/core/schematics/migrations/undecorated-classes-with-di/import_manager.d.ts",
        "//:node_modules/@angular/core/schematics/migrations/undecorated-classes-with-di/import_manager.js",
        "//:node_modules/@angular/core/schematics/migrations/undecorated-classes-with-di/index.d.ts",
        "//:node_modules/@angular/core/schematics/migrations/undecorated-classes-with-di/index.js",
        "//:node_modules/@angular/core/schematics/migrations/undecorated-classes-with-di/ng_declaration_collector.d.ts",
        "//:node_modules/@angular/core/schematics/migrations/undecorated-classes-with-di/ng_declaration_collector.js",
        "//:node_modules/@angular/core/schematics/migrations/undecorated-classes-with-di/transform.d.ts",
        "//:node_modules/@angular/core/schematics/migrations/undecorated-classes-with-di/transform.js",
        "//:node_modules/@angular/core/schematics/migrations/undecorated-classes-with-di/update_recorder.d.ts",
        "//:node_modules/@angular/core/schematics/migrations/undecorated-classes-with-di/update_recorder.js",
        "//:node_modules/@angular/core/schematics/utils/line_mappings.d.ts",
        "//:node_modules/@angular/core/schematics/utils/line_mappings.js",
        "//:node_modules/@angular/core/schematics/utils/ng_component_template.d.ts",
        "//:node_modules/@angular/core/schematics/utils/ng_component_template.js",
        "//:node_modules/@angular/core/schematics/utils/ng_decorators.d.ts",
        "//:node_modules/@angular/core/schematics/utils/ng_decorators.js",
        "//:node_modules/@angular/core/schematics/utils/parse_html.d.ts",
        "//:node_modules/@angular/core/schematics/utils/parse_html.js",
        "//:node_modules/@angular/core/schematics/utils/project_tsconfig_paths.d.ts",
        "//:node_modules/@angular/core/schematics/utils/project_tsconfig_paths.js",
        "//:node_modules/@angular/core/schematics/utils/schematics_prompt.d.ts",
        "//:node_modules/@angular/core/schematics/utils/schematics_prompt.js",
        "//:node_modules/@angular/core/schematics/utils/typescript/class_declaration.d.ts",
        "//:node_modules/@angular/core/schematics/utils/typescript/class_declaration.js",
        "//:node_modules/@angular/core/schematics/utils/typescript/decorators.d.ts",
        "//:node_modules/@angular/core/schematics/utils/typescript/decorators.js",
        "//:node_modules/@angular/core/schematics/utils/typescript/functions.d.ts",
        "//:node_modules/@angular/core/schematics/utils/typescript/functions.js",
        "//:node_modules/@angular/core/schematics/utils/typescript/imports.d.ts",
        "//:node_modules/@angular/core/schematics/utils/typescript/imports.js",
        "//:node_modules/@angular/core/schematics/utils/typescript/nodes.d.ts",
        "//:node_modules/@angular/core/schematics/utils/typescript/nodes.js",
        "//:node_modules/@angular/core/schematics/utils/typescript/parse_tsconfig.d.ts",
        "//:node_modules/@angular/core/schematics/utils/typescript/parse_tsconfig.js",
        "//:node_modules/@angular/core/schematics/utils/typescript/property_name.d.ts",
        "//:node_modules/@angular/core/schematics/utils/typescript/property_name.js",
        "//:node_modules/@angular/core/schematics/utils/typescript/symbol.d.ts",
        "//:node_modules/@angular/core/schematics/utils/typescript/symbol.js",
        "//:node_modules/@angular/core/src/core.externs.js",
        "//:node_modules/@angular/core/src/r3_symbols.d.ts",
        "//:node_modules/@angular/core/src/testability/testability.externs.js",
        "//:node_modules/@angular/core/testing.d.ts",
        "//:node_modules/@angular/core/testing.metadata.json",
        "//:node_modules/@angular/core/testing/package.json",
        "//:node_modules/@angular/core/testing/testing.d.ts",
        "//:node_modules/@angular/core/testing/testing.metadata.json",
    ],
)
filegroup(
    name = "core__nested_node_modules",
    visibility = ["//:__subpackages__"],
)
filegroup(
    name = "core__not_files",
    srcs = [
        "//:node_modules/@angular/core/README.md",
    ],
    visibility = ["//visibility:private"],
)
filegroup(
    name = "core__all_files",
    srcs = [
      ":core__files",
      ":core__not_files",
    ],
)
js_library(
    name = "core__typings",
    srcs = [
        "//:node_modules/@angular/core/core.d.ts",
        "//:node_modules/@angular/core/schematics/migrations/missing-injectable/import_manager.d.ts",
        "//:node_modules/@angular/core/schematics/migrations/missing-injectable/index.d.ts",
        "//:node_modules/@angular/core/schematics/migrations/missing-injectable/module_collector.d.ts",
        "//:node_modules/@angular/core/schematics/migrations/missing-injectable/transform.d.ts",
        "//:node_modules/@angular/core/schematics/migrations/missing-injectable/update_recorder.d.ts",
        "//:node_modules/@angular/core/schematics/migrations/move-document/document_import_visitor.d.ts",
        "//:node_modules/@angular/core/schematics/migrations/move-document/index.d.ts",
        "//:node_modules/@angular/core/schematics/migrations/move-document/move-import.d.ts",
        "//:node_modules/@angular/core/schematics/migrations/renderer-to-renderer2/helpers.d.ts",
        "//:node_modules/@angular/core/schematics/migrations/renderer-to-renderer2/index.d.ts",
        "//:node_modules/@angular/core/schematics/migrations/renderer-to-renderer2/migration.d.ts",
        "//:node_modules/@angular/core/schematics/migrations/renderer-to-renderer2/util.d.ts",
        "//:node_modules/@angular/core/schematics/migrations/static-queries/angular/directive_inputs.d.ts",
        "//:node_modules/@angular/core/schematics/migrations/static-queries/angular/ng_query_visitor.d.ts",
        "//:node_modules/@angular/core/schematics/migrations/static-queries/angular/query-definition.d.ts",
        "//:node_modules/@angular/core/schematics/migrations/static-queries/angular/super_class.d.ts",
        "//:node_modules/@angular/core/schematics/migrations/static-queries/index.d.ts",
        "//:node_modules/@angular/core/schematics/migrations/static-queries/strategies/template_strategy/template_strategy.d.ts",
        "//:node_modules/@angular/core/schematics/migrations/static-queries/strategies/test_strategy/test_strategy.d.ts",
        "//:node_modules/@angular/core/schematics/migrations/static-queries/strategies/timing-strategy.d.ts",
        "//:node_modules/@angular/core/schematics/migrations/static-queries/strategies/usage_strategy/declaration_usage_visitor.d.ts",
        "//:node_modules/@angular/core/schematics/migrations/static-queries/strategies/usage_strategy/super_class_context.d.ts",
        "//:node_modules/@angular/core/schematics/migrations/static-queries/strategies/usage_strategy/template_usage_visitor.d.ts",
        "//:node_modules/@angular/core/schematics/migrations/static-queries/strategies/usage_strategy/usage_strategy.d.ts",
        "//:node_modules/@angular/core/schematics/migrations/static-queries/transform.d.ts",
        "//:node_modules/@angular/core/schematics/migrations/template-var-assignment/analyze_template.d.ts",
        "//:node_modules/@angular/core/schematics/migrations/template-var-assignment/angular/html_variable_assignment_visitor.d.ts",
        "//:node_modules/@angular/core/schematics/migrations/template-var-assignment/index.d.ts",
        "//:node_modules/@angular/core/schematics/migrations/undecorated-classes-with-decorated-fields/index.d.ts",
        "//:node_modules/@angular/core/schematics/migrations/undecorated-classes-with-decorated-fields/utils.d.ts",
        "//:node_modules/@angular/core/schematics/migrations/undecorated-classes-with-di/create_ngc_program.d.ts",
        "//:node_modules/@angular/core/schematics/migrations/undecorated-classes-with-di/decorator_rewrite/convert_directive_metadata.d.ts",
        "//:node_modules/@angular/core/schematics/migrations/undecorated-classes-with-di/decorator_rewrite/decorator_rewriter.d.ts",
        "//:node_modules/@angular/core/schematics/migrations/undecorated-classes-with-di/decorator_rewrite/import_rewrite_visitor.d.ts",
        "//:node_modules/@angular/core/schematics/migrations/undecorated-classes-with-di/decorator_rewrite/path_format.d.ts",
        "//:node_modules/@angular/core/schematics/migrations/undecorated-classes-with-di/decorator_rewrite/source_file_exports.d.ts",
        "//:node_modules/@angular/core/schematics/migrations/undecorated-classes-with-di/find_base_classes.d.ts",
        "//:node_modules/@angular/core/schematics/migrations/undecorated-classes-with-di/import_manager.d.ts",
        "//:node_modules/@angular/core/schematics/migrations/undecorated-classes-with-di/index.d.ts",
        "//:node_modules/@angular/core/schematics/migrations/undecorated-classes-with-di/ng_declaration_collector.d.ts",
        "//:node_modules/@angular/core/schematics/migrations/undecorated-classes-with-di/transform.d.ts",
        "//:node_modules/@angular/core/schematics/migrations/undecorated-classes-with-di/update_recorder.d.ts",
        "//:node_modules/@angular/core/schematics/utils/line_mappings.d.ts",
        "//:node_modules/@angular/core/schematics/utils/ng_component_template.d.ts",
        "//:node_modules/@angular/core/schematics/utils/ng_decorators.d.ts",
        "//:node_modules/@angular/core/schematics/utils/parse_html.d.ts",
        "//:node_modules/@angular/core/schematics/utils/project_tsconfig_paths.d.ts",
        "//:node_modules/@angular/core/schematics/utils/schematics_prompt.d.ts",
        "//:node_modules/@angular/core/schematics/utils/typescript/class_declaration.d.ts",
        "//:node_modules/@angular/core/schematics/utils/typescript/decorators.d.ts",
        "//:node_modules/@angular/core/schematics/utils/typescript/functions.d.ts",
        "//:node_modules/@angular/core/schematics/utils/typescript/imports.d.ts",
        "//:node_modules/@angular/core/schematics/utils/typescript/nodes.d.ts",
        "//:node_modules/@angular/core/schematics/utils/typescript/parse_tsconfig.d.ts",
        "//:node_modules/@angular/core/schematics/utils/typescript/property_name.d.ts",
        "//:node_modules/@angular/core/schematics/utils/typescript/symbol.d.ts",
        "//:node_modules/@angular/core/src/r3_symbols.d.ts",
        "//:node_modules/@angular/core/testing.d.ts",
        "//:node_modules/@angular/core/testing/testing.d.ts",
    ],
)
load("@build_bazel_rules_nodejs//internal/npm_install:npm_umd_bundle.bzl", "npm_umd_bundle")
npm_umd_bundle(
    name = "core__umd",
    package_name = "@angular/core",
    entry_point = "@fine_grained_goldens//:node_modules/@angular/core/fesm5/core.js",
    package = ":core",
)
