
package(default_visibility = ["//visibility:public"])
load("@build_bazel_rules_nodejs//internal/npm_install:node_module_library.bzl", "node_module_library")
filegroup(
    name = "core__files",
    srcs = [
        "//:node_modules/@angular/core/README.md",
        "//:node_modules/@angular/core/bundles/core-testing.umd.js",
        "//:node_modules/@angular/core/bundles/core-testing.umd.js.map",
        "//:node_modules/@angular/core/bundles/core-testing.umd.min.js",
        "//:node_modules/@angular/core/bundles/core-testing.umd.min.js.map",
        "//:node_modules/@angular/core/bundles/core.umd.js",
        "//:node_modules/@angular/core/bundles/core.umd.js.map",
        "//:node_modules/@angular/core/bundles/core.umd.min.js",
        "//:node_modules/@angular/core/bundles/core.umd.min.js.map",
        "//:node_modules/@angular/core/core.d.ts",
        "//:node_modules/@angular/core/core.metadata.json",
        "//:node_modules/@angular/core/esm2015/core.externs.js",
        "//:node_modules/@angular/core/esm2015/core.js",
        "//:node_modules/@angular/core/esm2015/index.js",
        "//:node_modules/@angular/core/esm2015/public_api.js",
        "//:node_modules/@angular/core/esm2015/src/application_init.js",
        "//:node_modules/@angular/core/esm2015/src/application_module.js",
        "//:node_modules/@angular/core/esm2015/src/application_ref.js",
        "//:node_modules/@angular/core/esm2015/src/application_tokens.js",
        "//:node_modules/@angular/core/esm2015/src/change_detection.js",
        "//:node_modules/@angular/core/esm2015/src/change_detection/change_detection.js",
        "//:node_modules/@angular/core/esm2015/src/change_detection/change_detection_util.js",
        "//:node_modules/@angular/core/esm2015/src/change_detection/change_detector_ref.js",
        "//:node_modules/@angular/core/esm2015/src/change_detection/constants.js",
        "//:node_modules/@angular/core/esm2015/src/change_detection/differs/default_iterable_differ.js",
        "//:node_modules/@angular/core/esm2015/src/change_detection/differs/default_keyvalue_differ.js",
        "//:node_modules/@angular/core/esm2015/src/change_detection/differs/iterable_differs.js",
        "//:node_modules/@angular/core/esm2015/src/change_detection/differs/keyvalue_differs.js",
        "//:node_modules/@angular/core/esm2015/src/change_detection/pipe_transform.js",
        "//:node_modules/@angular/core/esm2015/src/codegen_private_exports.js",
        "//:node_modules/@angular/core/esm2015/src/console.js",
        "//:node_modules/@angular/core/esm2015/src/core.externs.js",
        "//:node_modules/@angular/core/esm2015/src/core.js",
        "//:node_modules/@angular/core/esm2015/src/core_private_export.js",
        "//:node_modules/@angular/core/esm2015/src/core_render3_private_export.js",
        "//:node_modules/@angular/core/esm2015/src/debug/debug_node.js",
        "//:node_modules/@angular/core/esm2015/src/di.js",
        "//:node_modules/@angular/core/esm2015/src/di/defs.js",
        "//:node_modules/@angular/core/esm2015/src/di/forward_ref.js",
        "//:node_modules/@angular/core/esm2015/src/di/injectable.js",
        "//:node_modules/@angular/core/esm2015/src/di/injection_token.js",
        "//:node_modules/@angular/core/esm2015/src/di/injector.js",
        "//:node_modules/@angular/core/esm2015/src/di/injector_compatibility.js",
        "//:node_modules/@angular/core/esm2015/src/di/metadata.js",
        "//:node_modules/@angular/core/esm2015/src/di/provider.js",
        "//:node_modules/@angular/core/esm2015/src/di/r3_injector.js",
        "//:node_modules/@angular/core/esm2015/src/di/reflective_errors.js",
        "//:node_modules/@angular/core/esm2015/src/di/reflective_injector.js",
        "//:node_modules/@angular/core/esm2015/src/di/reflective_key.js",
        "//:node_modules/@angular/core/esm2015/src/di/reflective_provider.js",
        "//:node_modules/@angular/core/esm2015/src/di/scope.js",
        "//:node_modules/@angular/core/esm2015/src/di/util.js",
        "//:node_modules/@angular/core/esm2015/src/error_handler.js",
        "//:node_modules/@angular/core/esm2015/src/errors.js",
        "//:node_modules/@angular/core/esm2015/src/event_emitter.js",
        "//:node_modules/@angular/core/esm2015/src/i18n/tokens.js",
        "//:node_modules/@angular/core/esm2015/src/is_dev_mode.js",
        "//:node_modules/@angular/core/esm2015/src/ivy_switch.js",
        "//:node_modules/@angular/core/esm2015/src/linker.js",
        "//:node_modules/@angular/core/esm2015/src/linker/compiler.js",
        "//:node_modules/@angular/core/esm2015/src/linker/component_factory.js",
        "//:node_modules/@angular/core/esm2015/src/linker/component_factory_resolver.js",
        "//:node_modules/@angular/core/esm2015/src/linker/element_ref.js",
        "//:node_modules/@angular/core/esm2015/src/linker/ng_module_factory.js",
        "//:node_modules/@angular/core/esm2015/src/linker/ng_module_factory_loader.js",
        "//:node_modules/@angular/core/esm2015/src/linker/query_list.js",
        "//:node_modules/@angular/core/esm2015/src/linker/system_js_ng_module_factory_loader.js",
        "//:node_modules/@angular/core/esm2015/src/linker/template_ref.js",
        "//:node_modules/@angular/core/esm2015/src/linker/view_container_ref.js",
        "//:node_modules/@angular/core/esm2015/src/linker/view_ref.js",
        "//:node_modules/@angular/core/esm2015/src/metadata.js",
        "//:node_modules/@angular/core/esm2015/src/metadata/di.js",
        "//:node_modules/@angular/core/esm2015/src/metadata/directives.js",
        "//:node_modules/@angular/core/esm2015/src/metadata/lifecycle_hooks.js",
        "//:node_modules/@angular/core/esm2015/src/metadata/ng_module.js",
        "//:node_modules/@angular/core/esm2015/src/metadata/resource_loading.js",
        "//:node_modules/@angular/core/esm2015/src/metadata/view.js",
        "//:node_modules/@angular/core/esm2015/src/platform_core_providers.js",
        "//:node_modules/@angular/core/esm2015/src/profile/profile.js",
        "//:node_modules/@angular/core/esm2015/src/profile/wtf_impl.js",
        "//:node_modules/@angular/core/esm2015/src/r3_symbols.js",
        "//:node_modules/@angular/core/esm2015/src/reflection/platform_reflection_capabilities.js",
        "//:node_modules/@angular/core/esm2015/src/reflection/reflection.js",
        "//:node_modules/@angular/core/esm2015/src/reflection/reflection_capabilities.js",
        "//:node_modules/@angular/core/esm2015/src/reflection/reflector.js",
        "//:node_modules/@angular/core/esm2015/src/reflection/types.js",
        "//:node_modules/@angular/core/esm2015/src/render.js",
        "//:node_modules/@angular/core/esm2015/src/render/api.js",
        "//:node_modules/@angular/core/esm2015/src/render3/assert.js",
        "//:node_modules/@angular/core/esm2015/src/render3/bindings.js",
        "//:node_modules/@angular/core/esm2015/src/render3/component.js",
        "//:node_modules/@angular/core/esm2015/src/render3/component_ref.js",
        "//:node_modules/@angular/core/esm2015/src/render3/context_discovery.js",
        "//:node_modules/@angular/core/esm2015/src/render3/definition.js",
        "//:node_modules/@angular/core/esm2015/src/render3/di.js",
        "//:node_modules/@angular/core/esm2015/src/render3/di_setup.js",
        "//:node_modules/@angular/core/esm2015/src/render3/discovery_utils.js",
        "//:node_modules/@angular/core/esm2015/src/render3/empty.js",
        "//:node_modules/@angular/core/esm2015/src/render3/errors.js",
        "//:node_modules/@angular/core/esm2015/src/render3/features/inherit_definition_feature.js",
        "//:node_modules/@angular/core/esm2015/src/render3/features/ng_onchanges_feature.js",
        "//:node_modules/@angular/core/esm2015/src/render3/features/providers_feature.js",
        "//:node_modules/@angular/core/esm2015/src/render3/fields.js",
        "//:node_modules/@angular/core/esm2015/src/render3/global_utils.js",
        "//:node_modules/@angular/core/esm2015/src/render3/global_utils_api.js",
        "//:node_modules/@angular/core/esm2015/src/render3/hooks.js",
        "//:node_modules/@angular/core/esm2015/src/render3/i18n.js",
        "//:node_modules/@angular/core/esm2015/src/render3/index.js",
        "//:node_modules/@angular/core/esm2015/src/render3/instructions.js",
        "//:node_modules/@angular/core/esm2015/src/render3/interfaces/container.js",
        "//:node_modules/@angular/core/esm2015/src/render3/interfaces/context.js",
        "//:node_modules/@angular/core/esm2015/src/render3/interfaces/definition.js",
        "//:node_modules/@angular/core/esm2015/src/render3/interfaces/i18n.js",
        "//:node_modules/@angular/core/esm2015/src/render3/interfaces/injector.js",
        "//:node_modules/@angular/core/esm2015/src/render3/interfaces/node.js",
        "//:node_modules/@angular/core/esm2015/src/render3/interfaces/player.js",
        "//:node_modules/@angular/core/esm2015/src/render3/interfaces/projection.js",
        "//:node_modules/@angular/core/esm2015/src/render3/interfaces/query.js",
        "//:node_modules/@angular/core/esm2015/src/render3/interfaces/renderer.js",
        "//:node_modules/@angular/core/esm2015/src/render3/interfaces/sanitization.js",
        "//:node_modules/@angular/core/esm2015/src/render3/interfaces/styling.js",
        "//:node_modules/@angular/core/esm2015/src/render3/interfaces/view.js",
        "//:node_modules/@angular/core/esm2015/src/render3/jit/compiler_facade.js",
        "//:node_modules/@angular/core/esm2015/src/render3/jit/compiler_facade_interface.js",
        "//:node_modules/@angular/core/esm2015/src/render3/jit/directive.js",
        "//:node_modules/@angular/core/esm2015/src/render3/jit/environment.js",
        "//:node_modules/@angular/core/esm2015/src/render3/jit/injectable.js",
        "//:node_modules/@angular/core/esm2015/src/render3/jit/module.js",
        "//:node_modules/@angular/core/esm2015/src/render3/jit/pipe.js",
        "//:node_modules/@angular/core/esm2015/src/render3/jit/util.js",
        "//:node_modules/@angular/core/esm2015/src/render3/metadata.js",
        "//:node_modules/@angular/core/esm2015/src/render3/ng_dev_mode.js",
        "//:node_modules/@angular/core/esm2015/src/render3/ng_module_ref.js",
        "//:node_modules/@angular/core/esm2015/src/render3/node_assert.js",
        "//:node_modules/@angular/core/esm2015/src/render3/node_manipulation.js",
        "//:node_modules/@angular/core/esm2015/src/render3/node_selector_matcher.js",
        "//:node_modules/@angular/core/esm2015/src/render3/pipe.js",
        "//:node_modules/@angular/core/esm2015/src/render3/players.js",
        "//:node_modules/@angular/core/esm2015/src/render3/pure_function.js",
        "//:node_modules/@angular/core/esm2015/src/render3/query.js",
        "//:node_modules/@angular/core/esm2015/src/render3/state.js",
        "//:node_modules/@angular/core/esm2015/src/render3/styling/class_and_style_bindings.js",
        "//:node_modules/@angular/core/esm2015/src/render3/styling/core_player_handler.js",
        "//:node_modules/@angular/core/esm2015/src/render3/styling/player_factory.js",
        "//:node_modules/@angular/core/esm2015/src/render3/styling/util.js",
        "//:node_modules/@angular/core/esm2015/src/render3/tokens.js",
        "//:node_modules/@angular/core/esm2015/src/render3/util.js",
        "//:node_modules/@angular/core/esm2015/src/render3/view_engine_compatibility.js",
        "//:node_modules/@angular/core/esm2015/src/render3/view_engine_compatibility_prebound.js",
        "//:node_modules/@angular/core/esm2015/src/render3/view_ref.js",
        "//:node_modules/@angular/core/esm2015/src/sanitization/bypass.js",
        "//:node_modules/@angular/core/esm2015/src/sanitization/html_sanitizer.js",
        "//:node_modules/@angular/core/esm2015/src/sanitization/inert_body.js",
        "//:node_modules/@angular/core/esm2015/src/sanitization/sanitization.js",
        "//:node_modules/@angular/core/esm2015/src/sanitization/security.js",
        "//:node_modules/@angular/core/esm2015/src/sanitization/style_sanitizer.js",
        "//:node_modules/@angular/core/esm2015/src/sanitization/url_sanitizer.js",
        "//:node_modules/@angular/core/esm2015/src/testability/testability.externs.js",
        "//:node_modules/@angular/core/esm2015/src/testability/testability.js",
        "//:node_modules/@angular/core/esm2015/src/type.js",
        "//:node_modules/@angular/core/esm2015/src/util.js",
        "//:node_modules/@angular/core/esm2015/src/util/decorators.js",
        "//:node_modules/@angular/core/esm2015/src/util/lang.js",
        "//:node_modules/@angular/core/esm2015/src/util/ng_reflect.js",
        "//:node_modules/@angular/core/esm2015/src/util/noop.js",
        "//:node_modules/@angular/core/esm2015/src/util/property.js",
        "//:node_modules/@angular/core/esm2015/src/version.js",
        "//:node_modules/@angular/core/esm2015/src/view/element.js",
        "//:node_modules/@angular/core/esm2015/src/view/entrypoint.js",
        "//:node_modules/@angular/core/esm2015/src/view/errors.js",
        "//:node_modules/@angular/core/esm2015/src/view/index.js",
        "//:node_modules/@angular/core/esm2015/src/view/ng_content.js",
        "//:node_modules/@angular/core/esm2015/src/view/ng_module.js",
        "//:node_modules/@angular/core/esm2015/src/view/provider.js",
        "//:node_modules/@angular/core/esm2015/src/view/pure_expression.js",
        "//:node_modules/@angular/core/esm2015/src/view/query.js",
        "//:node_modules/@angular/core/esm2015/src/view/refs.js",
        "//:node_modules/@angular/core/esm2015/src/view/services.js",
        "//:node_modules/@angular/core/esm2015/src/view/text.js",
        "//:node_modules/@angular/core/esm2015/src/view/types.js",
        "//:node_modules/@angular/core/esm2015/src/view/util.js",
        "//:node_modules/@angular/core/esm2015/src/view/view.js",
        "//:node_modules/@angular/core/esm2015/src/view/view_attach.js",
        "//:node_modules/@angular/core/esm2015/src/zone.js",
        "//:node_modules/@angular/core/esm2015/src/zone/ng_zone.js",
        "//:node_modules/@angular/core/esm2015/testing/index.js",
        "//:node_modules/@angular/core/esm2015/testing/public_api.js",
        "//:node_modules/@angular/core/esm2015/testing/src/async.js",
        "//:node_modules/@angular/core/esm2015/testing/src/async_fallback.js",
        "//:node_modules/@angular/core/esm2015/testing/src/async_test_completer.js",
        "//:node_modules/@angular/core/esm2015/testing/src/before_each.js",
        "//:node_modules/@angular/core/esm2015/testing/src/component_fixture.js",
        "//:node_modules/@angular/core/esm2015/testing/src/fake_async.js",
        "//:node_modules/@angular/core/esm2015/testing/src/fake_async_fallback.js",
        "//:node_modules/@angular/core/esm2015/testing/src/lang_utils.js",
        "//:node_modules/@angular/core/esm2015/testing/src/logger.js",
        "//:node_modules/@angular/core/esm2015/testing/src/metadata_override.js",
        "//:node_modules/@angular/core/esm2015/testing/src/metadata_overrider.js",
        "//:node_modules/@angular/core/esm2015/testing/src/ng_zone_mock.js",
        "//:node_modules/@angular/core/esm2015/testing/src/private_export_testing.js",
        "//:node_modules/@angular/core/esm2015/testing/src/r3_test_bed.js",
        "//:node_modules/@angular/core/esm2015/testing/src/resolvers.js",
        "//:node_modules/@angular/core/esm2015/testing/src/test_bed.js",
        "//:node_modules/@angular/core/esm2015/testing/src/test_bed_common.js",
        "//:node_modules/@angular/core/esm2015/testing/src/test_compiler.js",
        "//:node_modules/@angular/core/esm2015/testing/src/testing.js",
        "//:node_modules/@angular/core/esm2015/testing/src/testing_internal.js",
        "//:node_modules/@angular/core/esm2015/testing/testing.externs.js",
        "//:node_modules/@angular/core/esm2015/testing/testing.js",
        "//:node_modules/@angular/core/esm5/core.js",
        "//:node_modules/@angular/core/esm5/index.js",
        "//:node_modules/@angular/core/esm5/public_api.js",
        "//:node_modules/@angular/core/esm5/src/application_init.js",
        "//:node_modules/@angular/core/esm5/src/application_module.js",
        "//:node_modules/@angular/core/esm5/src/application_ref.js",
        "//:node_modules/@angular/core/esm5/src/application_tokens.js",
        "//:node_modules/@angular/core/esm5/src/change_detection.js",
        "//:node_modules/@angular/core/esm5/src/change_detection/change_detection.js",
        "//:node_modules/@angular/core/esm5/src/change_detection/change_detection_util.js",
        "//:node_modules/@angular/core/esm5/src/change_detection/change_detector_ref.js",
        "//:node_modules/@angular/core/esm5/src/change_detection/constants.js",
        "//:node_modules/@angular/core/esm5/src/change_detection/differs/default_iterable_differ.js",
        "//:node_modules/@angular/core/esm5/src/change_detection/differs/default_keyvalue_differ.js",
        "//:node_modules/@angular/core/esm5/src/change_detection/differs/iterable_differs.js",
        "//:node_modules/@angular/core/esm5/src/change_detection/differs/keyvalue_differs.js",
        "//:node_modules/@angular/core/esm5/src/change_detection/pipe_transform.js",
        "//:node_modules/@angular/core/esm5/src/codegen_private_exports.js",
        "//:node_modules/@angular/core/esm5/src/console.js",
        "//:node_modules/@angular/core/esm5/src/core.js",
        "//:node_modules/@angular/core/esm5/src/core_private_export.js",
        "//:node_modules/@angular/core/esm5/src/core_render3_private_export.js",
        "//:node_modules/@angular/core/esm5/src/debug/debug_node.js",
        "//:node_modules/@angular/core/esm5/src/di.js",
        "//:node_modules/@angular/core/esm5/src/di/defs.js",
        "//:node_modules/@angular/core/esm5/src/di/forward_ref.js",
        "//:node_modules/@angular/core/esm5/src/di/injectable.js",
        "//:node_modules/@angular/core/esm5/src/di/injection_token.js",
        "//:node_modules/@angular/core/esm5/src/di/injector.js",
        "//:node_modules/@angular/core/esm5/src/di/injector_compatibility.js",
        "//:node_modules/@angular/core/esm5/src/di/metadata.js",
        "//:node_modules/@angular/core/esm5/src/di/provider.js",
        "//:node_modules/@angular/core/esm5/src/di/r3_injector.js",
        "//:node_modules/@angular/core/esm5/src/di/reflective_errors.js",
        "//:node_modules/@angular/core/esm5/src/di/reflective_injector.js",
        "//:node_modules/@angular/core/esm5/src/di/reflective_key.js",
        "//:node_modules/@angular/core/esm5/src/di/reflective_provider.js",
        "//:node_modules/@angular/core/esm5/src/di/scope.js",
        "//:node_modules/@angular/core/esm5/src/di/util.js",
        "//:node_modules/@angular/core/esm5/src/error_handler.js",
        "//:node_modules/@angular/core/esm5/src/errors.js",
        "//:node_modules/@angular/core/esm5/src/event_emitter.js",
        "//:node_modules/@angular/core/esm5/src/i18n/tokens.js",
        "//:node_modules/@angular/core/esm5/src/is_dev_mode.js",
        "//:node_modules/@angular/core/esm5/src/ivy_switch.js",
        "//:node_modules/@angular/core/esm5/src/linker.js",
        "//:node_modules/@angular/core/esm5/src/linker/compiler.js",
        "//:node_modules/@angular/core/esm5/src/linker/component_factory.js",
        "//:node_modules/@angular/core/esm5/src/linker/component_factory_resolver.js",
        "//:node_modules/@angular/core/esm5/src/linker/element_ref.js",
        "//:node_modules/@angular/core/esm5/src/linker/ng_module_factory.js",
        "//:node_modules/@angular/core/esm5/src/linker/ng_module_factory_loader.js",
        "//:node_modules/@angular/core/esm5/src/linker/query_list.js",
        "//:node_modules/@angular/core/esm5/src/linker/system_js_ng_module_factory_loader.js",
        "//:node_modules/@angular/core/esm5/src/linker/template_ref.js",
        "//:node_modules/@angular/core/esm5/src/linker/view_container_ref.js",
        "//:node_modules/@angular/core/esm5/src/linker/view_ref.js",
        "//:node_modules/@angular/core/esm5/src/metadata.js",
        "//:node_modules/@angular/core/esm5/src/metadata/di.js",
        "//:node_modules/@angular/core/esm5/src/metadata/directives.js",
        "//:node_modules/@angular/core/esm5/src/metadata/lifecycle_hooks.js",
        "//:node_modules/@angular/core/esm5/src/metadata/ng_module.js",
        "//:node_modules/@angular/core/esm5/src/metadata/resource_loading.js",
        "//:node_modules/@angular/core/esm5/src/metadata/view.js",
        "//:node_modules/@angular/core/esm5/src/platform_core_providers.js",
        "//:node_modules/@angular/core/esm5/src/profile/profile.js",
        "//:node_modules/@angular/core/esm5/src/profile/wtf_impl.js",
        "//:node_modules/@angular/core/esm5/src/r3_symbols.js",
        "//:node_modules/@angular/core/esm5/src/reflection/platform_reflection_capabilities.js",
        "//:node_modules/@angular/core/esm5/src/reflection/reflection.js",
        "//:node_modules/@angular/core/esm5/src/reflection/reflection_capabilities.js",
        "//:node_modules/@angular/core/esm5/src/reflection/reflector.js",
        "//:node_modules/@angular/core/esm5/src/reflection/types.js",
        "//:node_modules/@angular/core/esm5/src/render.js",
        "//:node_modules/@angular/core/esm5/src/render/api.js",
        "//:node_modules/@angular/core/esm5/src/render3/assert.js",
        "//:node_modules/@angular/core/esm5/src/render3/bindings.js",
        "//:node_modules/@angular/core/esm5/src/render3/component.js",
        "//:node_modules/@angular/core/esm5/src/render3/component_ref.js",
        "//:node_modules/@angular/core/esm5/src/render3/context_discovery.js",
        "//:node_modules/@angular/core/esm5/src/render3/definition.js",
        "//:node_modules/@angular/core/esm5/src/render3/di.js",
        "//:node_modules/@angular/core/esm5/src/render3/di_setup.js",
        "//:node_modules/@angular/core/esm5/src/render3/discovery_utils.js",
        "//:node_modules/@angular/core/esm5/src/render3/empty.js",
        "//:node_modules/@angular/core/esm5/src/render3/errors.js",
        "//:node_modules/@angular/core/esm5/src/render3/features/inherit_definition_feature.js",
        "//:node_modules/@angular/core/esm5/src/render3/features/ng_onchanges_feature.js",
        "//:node_modules/@angular/core/esm5/src/render3/features/providers_feature.js",
        "//:node_modules/@angular/core/esm5/src/render3/fields.js",
        "//:node_modules/@angular/core/esm5/src/render3/global_utils.js",
        "//:node_modules/@angular/core/esm5/src/render3/global_utils_api.js",
        "//:node_modules/@angular/core/esm5/src/render3/hooks.js",
        "//:node_modules/@angular/core/esm5/src/render3/i18n.js",
        "//:node_modules/@angular/core/esm5/src/render3/index.js",
        "//:node_modules/@angular/core/esm5/src/render3/instructions.js",
        "//:node_modules/@angular/core/esm5/src/render3/interfaces/container.js",
        "//:node_modules/@angular/core/esm5/src/render3/interfaces/context.js",
        "//:node_modules/@angular/core/esm5/src/render3/interfaces/definition.js",
        "//:node_modules/@angular/core/esm5/src/render3/interfaces/i18n.js",
        "//:node_modules/@angular/core/esm5/src/render3/interfaces/injector.js",
        "//:node_modules/@angular/core/esm5/src/render3/interfaces/node.js",
        "//:node_modules/@angular/core/esm5/src/render3/interfaces/player.js",
        "//:node_modules/@angular/core/esm5/src/render3/interfaces/projection.js",
        "//:node_modules/@angular/core/esm5/src/render3/interfaces/query.js",
        "//:node_modules/@angular/core/esm5/src/render3/interfaces/renderer.js",
        "//:node_modules/@angular/core/esm5/src/render3/interfaces/sanitization.js",
        "//:node_modules/@angular/core/esm5/src/render3/interfaces/styling.js",
        "//:node_modules/@angular/core/esm5/src/render3/interfaces/view.js",
        "//:node_modules/@angular/core/esm5/src/render3/jit/compiler_facade.js",
        "//:node_modules/@angular/core/esm5/src/render3/jit/compiler_facade_interface.js",
        "//:node_modules/@angular/core/esm5/src/render3/jit/directive.js",
        "//:node_modules/@angular/core/esm5/src/render3/jit/environment.js",
        "//:node_modules/@angular/core/esm5/src/render3/jit/injectable.js",
        "//:node_modules/@angular/core/esm5/src/render3/jit/module.js",
        "//:node_modules/@angular/core/esm5/src/render3/jit/pipe.js",
        "//:node_modules/@angular/core/esm5/src/render3/jit/util.js",
        "//:node_modules/@angular/core/esm5/src/render3/metadata.js",
        "//:node_modules/@angular/core/esm5/src/render3/ng_dev_mode.js",
        "//:node_modules/@angular/core/esm5/src/render3/ng_module_ref.js",
        "//:node_modules/@angular/core/esm5/src/render3/node_assert.js",
        "//:node_modules/@angular/core/esm5/src/render3/node_manipulation.js",
        "//:node_modules/@angular/core/esm5/src/render3/node_selector_matcher.js",
        "//:node_modules/@angular/core/esm5/src/render3/pipe.js",
        "//:node_modules/@angular/core/esm5/src/render3/players.js",
        "//:node_modules/@angular/core/esm5/src/render3/pure_function.js",
        "//:node_modules/@angular/core/esm5/src/render3/query.js",
        "//:node_modules/@angular/core/esm5/src/render3/state.js",
        "//:node_modules/@angular/core/esm5/src/render3/styling/class_and_style_bindings.js",
        "//:node_modules/@angular/core/esm5/src/render3/styling/core_player_handler.js",
        "//:node_modules/@angular/core/esm5/src/render3/styling/player_factory.js",
        "//:node_modules/@angular/core/esm5/src/render3/styling/util.js",
        "//:node_modules/@angular/core/esm5/src/render3/tokens.js",
        "//:node_modules/@angular/core/esm5/src/render3/util.js",
        "//:node_modules/@angular/core/esm5/src/render3/view_engine_compatibility.js",
        "//:node_modules/@angular/core/esm5/src/render3/view_engine_compatibility_prebound.js",
        "//:node_modules/@angular/core/esm5/src/render3/view_ref.js",
        "//:node_modules/@angular/core/esm5/src/sanitization/bypass.js",
        "//:node_modules/@angular/core/esm5/src/sanitization/html_sanitizer.js",
        "//:node_modules/@angular/core/esm5/src/sanitization/inert_body.js",
        "//:node_modules/@angular/core/esm5/src/sanitization/sanitization.js",
        "//:node_modules/@angular/core/esm5/src/sanitization/security.js",
        "//:node_modules/@angular/core/esm5/src/sanitization/style_sanitizer.js",
        "//:node_modules/@angular/core/esm5/src/sanitization/url_sanitizer.js",
        "//:node_modules/@angular/core/esm5/src/testability/testability.js",
        "//:node_modules/@angular/core/esm5/src/type.js",
        "//:node_modules/@angular/core/esm5/src/util.js",
        "//:node_modules/@angular/core/esm5/src/util/decorators.js",
        "//:node_modules/@angular/core/esm5/src/util/lang.js",
        "//:node_modules/@angular/core/esm5/src/util/ng_reflect.js",
        "//:node_modules/@angular/core/esm5/src/util/noop.js",
        "//:node_modules/@angular/core/esm5/src/util/property.js",
        "//:node_modules/@angular/core/esm5/src/version.js",
        "//:node_modules/@angular/core/esm5/src/view/element.js",
        "//:node_modules/@angular/core/esm5/src/view/entrypoint.js",
        "//:node_modules/@angular/core/esm5/src/view/errors.js",
        "//:node_modules/@angular/core/esm5/src/view/index.js",
        "//:node_modules/@angular/core/esm5/src/view/ng_content.js",
        "//:node_modules/@angular/core/esm5/src/view/ng_module.js",
        "//:node_modules/@angular/core/esm5/src/view/provider.js",
        "//:node_modules/@angular/core/esm5/src/view/pure_expression.js",
        "//:node_modules/@angular/core/esm5/src/view/query.js",
        "//:node_modules/@angular/core/esm5/src/view/refs.js",
        "//:node_modules/@angular/core/esm5/src/view/services.js",
        "//:node_modules/@angular/core/esm5/src/view/text.js",
        "//:node_modules/@angular/core/esm5/src/view/types.js",
        "//:node_modules/@angular/core/esm5/src/view/util.js",
        "//:node_modules/@angular/core/esm5/src/view/view.js",
        "//:node_modules/@angular/core/esm5/src/view/view_attach.js",
        "//:node_modules/@angular/core/esm5/src/zone.js",
        "//:node_modules/@angular/core/esm5/src/zone/ng_zone.js",
        "//:node_modules/@angular/core/esm5/testing/index.js",
        "//:node_modules/@angular/core/esm5/testing/public_api.js",
        "//:node_modules/@angular/core/esm5/testing/src/async.js",
        "//:node_modules/@angular/core/esm5/testing/src/async_fallback.js",
        "//:node_modules/@angular/core/esm5/testing/src/async_test_completer.js",
        "//:node_modules/@angular/core/esm5/testing/src/before_each.js",
        "//:node_modules/@angular/core/esm5/testing/src/component_fixture.js",
        "//:node_modules/@angular/core/esm5/testing/src/fake_async.js",
        "//:node_modules/@angular/core/esm5/testing/src/fake_async_fallback.js",
        "//:node_modules/@angular/core/esm5/testing/src/lang_utils.js",
        "//:node_modules/@angular/core/esm5/testing/src/logger.js",
        "//:node_modules/@angular/core/esm5/testing/src/metadata_override.js",
        "//:node_modules/@angular/core/esm5/testing/src/metadata_overrider.js",
        "//:node_modules/@angular/core/esm5/testing/src/ng_zone_mock.js",
        "//:node_modules/@angular/core/esm5/testing/src/private_export_testing.js",
        "//:node_modules/@angular/core/esm5/testing/src/r3_test_bed.js",
        "//:node_modules/@angular/core/esm5/testing/src/resolvers.js",
        "//:node_modules/@angular/core/esm5/testing/src/test_bed.js",
        "//:node_modules/@angular/core/esm5/testing/src/test_bed_common.js",
        "//:node_modules/@angular/core/esm5/testing/src/test_compiler.js",
        "//:node_modules/@angular/core/esm5/testing/src/testing.js",
        "//:node_modules/@angular/core/esm5/testing/src/testing_internal.js",
        "//:node_modules/@angular/core/esm5/testing/testing.js",
        "//:node_modules/@angular/core/fesm2015/core.js",
        "//:node_modules/@angular/core/fesm2015/core.js.map",
        "//:node_modules/@angular/core/fesm2015/testing.js",
        "//:node_modules/@angular/core/fesm2015/testing.js.map",
        "//:node_modules/@angular/core/fesm5/core.js",
        "//:node_modules/@angular/core/fesm5/core.js.map",
        "//:node_modules/@angular/core/fesm5/testing.js",
        "//:node_modules/@angular/core/fesm5/testing.js.map",
        "//:node_modules/@angular/core/index.d.ts",
        "//:node_modules/@angular/core/package.json",
        "//:node_modules/@angular/core/public_api.d.ts",
        "//:node_modules/@angular/core/src/application_init.d.ts",
        "//:node_modules/@angular/core/src/application_module.d.ts",
        "//:node_modules/@angular/core/src/application_ref.d.ts",
        "//:node_modules/@angular/core/src/application_tokens.d.ts",
        "//:node_modules/@angular/core/src/change_detection.d.ts",
        "//:node_modules/@angular/core/src/change_detection/change_detection.d.ts",
        "//:node_modules/@angular/core/src/change_detection/change_detection_util.d.ts",
        "//:node_modules/@angular/core/src/change_detection/change_detector_ref.d.ts",
        "//:node_modules/@angular/core/src/change_detection/constants.d.ts",
        "//:node_modules/@angular/core/src/change_detection/differs/default_iterable_differ.d.ts",
        "//:node_modules/@angular/core/src/change_detection/differs/default_keyvalue_differ.d.ts",
        "//:node_modules/@angular/core/src/change_detection/differs/iterable_differs.d.ts",
        "//:node_modules/@angular/core/src/change_detection/differs/keyvalue_differs.d.ts",
        "//:node_modules/@angular/core/src/change_detection/pipe_transform.d.ts",
        "//:node_modules/@angular/core/src/codegen_private_exports.d.ts",
        "//:node_modules/@angular/core/src/console.d.ts",
        "//:node_modules/@angular/core/src/core.d.ts",
        "//:node_modules/@angular/core/src/core.externs.js",
        "//:node_modules/@angular/core/src/core_private_export.d.ts",
        "//:node_modules/@angular/core/src/core_render3_private_export.d.ts",
        "//:node_modules/@angular/core/src/debug/debug_node.d.ts",
        "//:node_modules/@angular/core/src/di.d.ts",
        "//:node_modules/@angular/core/src/di/defs.d.ts",
        "//:node_modules/@angular/core/src/di/forward_ref.d.ts",
        "//:node_modules/@angular/core/src/di/injectable.d.ts",
        "//:node_modules/@angular/core/src/di/injection_token.d.ts",
        "//:node_modules/@angular/core/src/di/injector.d.ts",
        "//:node_modules/@angular/core/src/di/injector_compatibility.d.ts",
        "//:node_modules/@angular/core/src/di/metadata.d.ts",
        "//:node_modules/@angular/core/src/di/provider.d.ts",
        "//:node_modules/@angular/core/src/di/r3_injector.d.ts",
        "//:node_modules/@angular/core/src/di/reflective_errors.d.ts",
        "//:node_modules/@angular/core/src/di/reflective_injector.d.ts",
        "//:node_modules/@angular/core/src/di/reflective_key.d.ts",
        "//:node_modules/@angular/core/src/di/reflective_provider.d.ts",
        "//:node_modules/@angular/core/src/di/scope.d.ts",
        "//:node_modules/@angular/core/src/di/util.d.ts",
        "//:node_modules/@angular/core/src/error_handler.d.ts",
        "//:node_modules/@angular/core/src/errors.d.ts",
        "//:node_modules/@angular/core/src/event_emitter.d.ts",
        "//:node_modules/@angular/core/src/i18n/tokens.d.ts",
        "//:node_modules/@angular/core/src/is_dev_mode.d.ts",
        "//:node_modules/@angular/core/src/ivy_switch.d.ts",
        "//:node_modules/@angular/core/src/linker.d.ts",
        "//:node_modules/@angular/core/src/linker/compiler.d.ts",
        "//:node_modules/@angular/core/src/linker/component_factory.d.ts",
        "//:node_modules/@angular/core/src/linker/component_factory_resolver.d.ts",
        "//:node_modules/@angular/core/src/linker/element_ref.d.ts",
        "//:node_modules/@angular/core/src/linker/ng_module_factory.d.ts",
        "//:node_modules/@angular/core/src/linker/ng_module_factory_loader.d.ts",
        "//:node_modules/@angular/core/src/linker/query_list.d.ts",
        "//:node_modules/@angular/core/src/linker/system_js_ng_module_factory_loader.d.ts",
        "//:node_modules/@angular/core/src/linker/template_ref.d.ts",
        "//:node_modules/@angular/core/src/linker/view_container_ref.d.ts",
        "//:node_modules/@angular/core/src/linker/view_ref.d.ts",
        "//:node_modules/@angular/core/src/metadata.d.ts",
        "//:node_modules/@angular/core/src/metadata/di.d.ts",
        "//:node_modules/@angular/core/src/metadata/directives.d.ts",
        "//:node_modules/@angular/core/src/metadata/lifecycle_hooks.d.ts",
        "//:node_modules/@angular/core/src/metadata/ng_module.d.ts",
        "//:node_modules/@angular/core/src/metadata/resource_loading.d.ts",
        "//:node_modules/@angular/core/src/metadata/view.d.ts",
        "//:node_modules/@angular/core/src/platform_core_providers.d.ts",
        "//:node_modules/@angular/core/src/profile/profile.d.ts",
        "//:node_modules/@angular/core/src/profile/wtf_impl.d.ts",
        "//:node_modules/@angular/core/src/r3_symbols.d.ts",
        "//:node_modules/@angular/core/src/reflection/platform_reflection_capabilities.d.ts",
        "//:node_modules/@angular/core/src/reflection/reflection.d.ts",
        "//:node_modules/@angular/core/src/reflection/reflection_capabilities.d.ts",
        "//:node_modules/@angular/core/src/reflection/reflector.d.ts",
        "//:node_modules/@angular/core/src/reflection/types.d.ts",
        "//:node_modules/@angular/core/src/render.d.ts",
        "//:node_modules/@angular/core/src/render/api.d.ts",
        "//:node_modules/@angular/core/src/render3/assert.d.ts",
        "//:node_modules/@angular/core/src/render3/bindings.d.ts",
        "//:node_modules/@angular/core/src/render3/component.d.ts",
        "//:node_modules/@angular/core/src/render3/component_ref.d.ts",
        "//:node_modules/@angular/core/src/render3/context_discovery.d.ts",
        "//:node_modules/@angular/core/src/render3/definition.d.ts",
        "//:node_modules/@angular/core/src/render3/di.d.ts",
        "//:node_modules/@angular/core/src/render3/di_setup.d.ts",
        "//:node_modules/@angular/core/src/render3/discovery_utils.d.ts",
        "//:node_modules/@angular/core/src/render3/empty.d.ts",
        "//:node_modules/@angular/core/src/render3/errors.d.ts",
        "//:node_modules/@angular/core/src/render3/features/inherit_definition_feature.d.ts",
        "//:node_modules/@angular/core/src/render3/features/ng_onchanges_feature.d.ts",
        "//:node_modules/@angular/core/src/render3/features/providers_feature.d.ts",
        "//:node_modules/@angular/core/src/render3/fields.d.ts",
        "//:node_modules/@angular/core/src/render3/global_utils.d.ts",
        "//:node_modules/@angular/core/src/render3/global_utils_api.d.ts",
        "//:node_modules/@angular/core/src/render3/hooks.d.ts",
        "//:node_modules/@angular/core/src/render3/i18n.d.ts",
        "//:node_modules/@angular/core/src/render3/index.d.ts",
        "//:node_modules/@angular/core/src/render3/instructions.d.ts",
        "//:node_modules/@angular/core/src/render3/interfaces/container.d.ts",
        "//:node_modules/@angular/core/src/render3/interfaces/context.d.ts",
        "//:node_modules/@angular/core/src/render3/interfaces/definition.d.ts",
        "//:node_modules/@angular/core/src/render3/interfaces/i18n.d.ts",
        "//:node_modules/@angular/core/src/render3/interfaces/injector.d.ts",
        "//:node_modules/@angular/core/src/render3/interfaces/node.d.ts",
        "//:node_modules/@angular/core/src/render3/interfaces/player.d.ts",
        "//:node_modules/@angular/core/src/render3/interfaces/projection.d.ts",
        "//:node_modules/@angular/core/src/render3/interfaces/query.d.ts",
        "//:node_modules/@angular/core/src/render3/interfaces/renderer.d.ts",
        "//:node_modules/@angular/core/src/render3/interfaces/sanitization.d.ts",
        "//:node_modules/@angular/core/src/render3/interfaces/styling.d.ts",
        "//:node_modules/@angular/core/src/render3/interfaces/view.d.ts",
        "//:node_modules/@angular/core/src/render3/jit/compiler_facade.d.ts",
        "//:node_modules/@angular/core/src/render3/jit/compiler_facade_interface.d.ts",
        "//:node_modules/@angular/core/src/render3/jit/directive.d.ts",
        "//:node_modules/@angular/core/src/render3/jit/environment.d.ts",
        "//:node_modules/@angular/core/src/render3/jit/injectable.d.ts",
        "//:node_modules/@angular/core/src/render3/jit/module.d.ts",
        "//:node_modules/@angular/core/src/render3/jit/pipe.d.ts",
        "//:node_modules/@angular/core/src/render3/jit/util.d.ts",
        "//:node_modules/@angular/core/src/render3/metadata.d.ts",
        "//:node_modules/@angular/core/src/render3/ng_dev_mode.d.ts",
        "//:node_modules/@angular/core/src/render3/ng_module_ref.d.ts",
        "//:node_modules/@angular/core/src/render3/node_assert.d.ts",
        "//:node_modules/@angular/core/src/render3/node_manipulation.d.ts",
        "//:node_modules/@angular/core/src/render3/node_selector_matcher.d.ts",
        "//:node_modules/@angular/core/src/render3/pipe.d.ts",
        "//:node_modules/@angular/core/src/render3/players.d.ts",
        "//:node_modules/@angular/core/src/render3/pure_function.d.ts",
        "//:node_modules/@angular/core/src/render3/query.d.ts",
        "//:node_modules/@angular/core/src/render3/state.d.ts",
        "//:node_modules/@angular/core/src/render3/styling/class_and_style_bindings.d.ts",
        "//:node_modules/@angular/core/src/render3/styling/core_player_handler.d.ts",
        "//:node_modules/@angular/core/src/render3/styling/player_factory.d.ts",
        "//:node_modules/@angular/core/src/render3/styling/util.d.ts",
        "//:node_modules/@angular/core/src/render3/tokens.d.ts",
        "//:node_modules/@angular/core/src/render3/util.d.ts",
        "//:node_modules/@angular/core/src/render3/view_engine_compatibility.d.ts",
        "//:node_modules/@angular/core/src/render3/view_engine_compatibility_prebound.d.ts",
        "//:node_modules/@angular/core/src/render3/view_ref.d.ts",
        "//:node_modules/@angular/core/src/sanitization/bypass.d.ts",
        "//:node_modules/@angular/core/src/sanitization/html_sanitizer.d.ts",
        "//:node_modules/@angular/core/src/sanitization/inert_body.d.ts",
        "//:node_modules/@angular/core/src/sanitization/sanitization.d.ts",
        "//:node_modules/@angular/core/src/sanitization/security.d.ts",
        "//:node_modules/@angular/core/src/sanitization/style_sanitizer.d.ts",
        "//:node_modules/@angular/core/src/sanitization/url_sanitizer.d.ts",
        "//:node_modules/@angular/core/src/testability/testability.d.ts",
        "//:node_modules/@angular/core/src/testability/testability.externs.js",
        "//:node_modules/@angular/core/src/type.d.ts",
        "//:node_modules/@angular/core/src/util.d.ts",
        "//:node_modules/@angular/core/src/util/decorators.d.ts",
        "//:node_modules/@angular/core/src/util/lang.d.ts",
        "//:node_modules/@angular/core/src/util/ng_reflect.d.ts",
        "//:node_modules/@angular/core/src/util/noop.d.ts",
        "//:node_modules/@angular/core/src/util/property.d.ts",
        "//:node_modules/@angular/core/src/version.d.ts",
        "//:node_modules/@angular/core/src/view/element.d.ts",
        "//:node_modules/@angular/core/src/view/entrypoint.d.ts",
        "//:node_modules/@angular/core/src/view/errors.d.ts",
        "//:node_modules/@angular/core/src/view/index.d.ts",
        "//:node_modules/@angular/core/src/view/ng_content.d.ts",
        "//:node_modules/@angular/core/src/view/ng_module.d.ts",
        "//:node_modules/@angular/core/src/view/provider.d.ts",
        "//:node_modules/@angular/core/src/view/pure_expression.d.ts",
        "//:node_modules/@angular/core/src/view/query.d.ts",
        "//:node_modules/@angular/core/src/view/refs.d.ts",
        "//:node_modules/@angular/core/src/view/services.d.ts",
        "//:node_modules/@angular/core/src/view/text.d.ts",
        "//:node_modules/@angular/core/src/view/types.d.ts",
        "//:node_modules/@angular/core/src/view/util.d.ts",
        "//:node_modules/@angular/core/src/view/view.d.ts",
        "//:node_modules/@angular/core/src/view/view_attach.d.ts",
        "//:node_modules/@angular/core/src/zone.d.ts",
        "//:node_modules/@angular/core/src/zone/ng_zone.d.ts",
        "//:node_modules/@angular/core/testing.d.ts",
        "//:node_modules/@angular/core/testing.metadata.json",
        "//:node_modules/@angular/core/testing/index.d.ts",
        "//:node_modules/@angular/core/testing/package.json",
        "//:node_modules/@angular/core/testing/public_api.d.ts",
        "//:node_modules/@angular/core/testing/src/async.d.ts",
        "//:node_modules/@angular/core/testing/src/async_fallback.d.ts",
        "//:node_modules/@angular/core/testing/src/async_test_completer.d.ts",
        "//:node_modules/@angular/core/testing/src/before_each.d.ts",
        "//:node_modules/@angular/core/testing/src/component_fixture.d.ts",
        "//:node_modules/@angular/core/testing/src/fake_async.d.ts",
        "//:node_modules/@angular/core/testing/src/fake_async_fallback.d.ts",
        "//:node_modules/@angular/core/testing/src/lang_utils.d.ts",
        "//:node_modules/@angular/core/testing/src/logger.d.ts",
        "//:node_modules/@angular/core/testing/src/metadata_override.d.ts",
        "//:node_modules/@angular/core/testing/src/metadata_overrider.d.ts",
        "//:node_modules/@angular/core/testing/src/ng_zone_mock.d.ts",
        "//:node_modules/@angular/core/testing/src/private_export_testing.d.ts",
        "//:node_modules/@angular/core/testing/src/r3_test_bed.d.ts",
        "//:node_modules/@angular/core/testing/src/resolvers.d.ts",
        "//:node_modules/@angular/core/testing/src/test_bed.d.ts",
        "//:node_modules/@angular/core/testing/src/test_bed_common.d.ts",
        "//:node_modules/@angular/core/testing/src/test_compiler.d.ts",
        "//:node_modules/@angular/core/testing/src/testing.d.ts",
        "//:node_modules/@angular/core/testing/src/testing_internal.d.ts",
        "//:node_modules/@angular/core/testing/testing.d.ts",
        "//:node_modules/@angular/core/testing/testing.metadata.json",
    ],
)
node_module_library(
    name = "core",
    srcs = [":core__files"],
    deps = [
        "//@angular/core:core__contents",
        "//tslib:tslib__contents",
        "//rxjs:rxjs__contents",
        "//zone.js:zone.js__contents",
    ],
)
node_module_library(
    name = "core__contents",
    srcs = [":core__files"],
    scripts = [
        "//:node_modules/@angular/core/bundles/core-testing.umd.js",
        "//:node_modules/@angular/core/bundles/core.umd.js",
    ],
)
node_module_library(
    name = "core__typings",
    srcs = [
        "//:node_modules/@angular/core/core.d.ts",
        "//:node_modules/@angular/core/index.d.ts",
        "//:node_modules/@angular/core/public_api.d.ts",
        "//:node_modules/@angular/core/src/application_init.d.ts",
        "//:node_modules/@angular/core/src/application_module.d.ts",
        "//:node_modules/@angular/core/src/application_ref.d.ts",
        "//:node_modules/@angular/core/src/application_tokens.d.ts",
        "//:node_modules/@angular/core/src/change_detection.d.ts",
        "//:node_modules/@angular/core/src/change_detection/change_detection.d.ts",
        "//:node_modules/@angular/core/src/change_detection/change_detection_util.d.ts",
        "//:node_modules/@angular/core/src/change_detection/change_detector_ref.d.ts",
        "//:node_modules/@angular/core/src/change_detection/constants.d.ts",
        "//:node_modules/@angular/core/src/change_detection/differs/default_iterable_differ.d.ts",
        "//:node_modules/@angular/core/src/change_detection/differs/default_keyvalue_differ.d.ts",
        "//:node_modules/@angular/core/src/change_detection/differs/iterable_differs.d.ts",
        "//:node_modules/@angular/core/src/change_detection/differs/keyvalue_differs.d.ts",
        "//:node_modules/@angular/core/src/change_detection/pipe_transform.d.ts",
        "//:node_modules/@angular/core/src/codegen_private_exports.d.ts",
        "//:node_modules/@angular/core/src/console.d.ts",
        "//:node_modules/@angular/core/src/core.d.ts",
        "//:node_modules/@angular/core/src/core_private_export.d.ts",
        "//:node_modules/@angular/core/src/core_render3_private_export.d.ts",
        "//:node_modules/@angular/core/src/debug/debug_node.d.ts",
        "//:node_modules/@angular/core/src/di.d.ts",
        "//:node_modules/@angular/core/src/di/defs.d.ts",
        "//:node_modules/@angular/core/src/di/forward_ref.d.ts",
        "//:node_modules/@angular/core/src/di/injectable.d.ts",
        "//:node_modules/@angular/core/src/di/injection_token.d.ts",
        "//:node_modules/@angular/core/src/di/injector.d.ts",
        "//:node_modules/@angular/core/src/di/injector_compatibility.d.ts",
        "//:node_modules/@angular/core/src/di/metadata.d.ts",
        "//:node_modules/@angular/core/src/di/provider.d.ts",
        "//:node_modules/@angular/core/src/di/r3_injector.d.ts",
        "//:node_modules/@angular/core/src/di/reflective_errors.d.ts",
        "//:node_modules/@angular/core/src/di/reflective_injector.d.ts",
        "//:node_modules/@angular/core/src/di/reflective_key.d.ts",
        "//:node_modules/@angular/core/src/di/reflective_provider.d.ts",
        "//:node_modules/@angular/core/src/di/scope.d.ts",
        "//:node_modules/@angular/core/src/di/util.d.ts",
        "//:node_modules/@angular/core/src/error_handler.d.ts",
        "//:node_modules/@angular/core/src/errors.d.ts",
        "//:node_modules/@angular/core/src/event_emitter.d.ts",
        "//:node_modules/@angular/core/src/i18n/tokens.d.ts",
        "//:node_modules/@angular/core/src/is_dev_mode.d.ts",
        "//:node_modules/@angular/core/src/ivy_switch.d.ts",
        "//:node_modules/@angular/core/src/linker.d.ts",
        "//:node_modules/@angular/core/src/linker/compiler.d.ts",
        "//:node_modules/@angular/core/src/linker/component_factory.d.ts",
        "//:node_modules/@angular/core/src/linker/component_factory_resolver.d.ts",
        "//:node_modules/@angular/core/src/linker/element_ref.d.ts",
        "//:node_modules/@angular/core/src/linker/ng_module_factory.d.ts",
        "//:node_modules/@angular/core/src/linker/ng_module_factory_loader.d.ts",
        "//:node_modules/@angular/core/src/linker/query_list.d.ts",
        "//:node_modules/@angular/core/src/linker/system_js_ng_module_factory_loader.d.ts",
        "//:node_modules/@angular/core/src/linker/template_ref.d.ts",
        "//:node_modules/@angular/core/src/linker/view_container_ref.d.ts",
        "//:node_modules/@angular/core/src/linker/view_ref.d.ts",
        "//:node_modules/@angular/core/src/metadata.d.ts",
        "//:node_modules/@angular/core/src/metadata/di.d.ts",
        "//:node_modules/@angular/core/src/metadata/directives.d.ts",
        "//:node_modules/@angular/core/src/metadata/lifecycle_hooks.d.ts",
        "//:node_modules/@angular/core/src/metadata/ng_module.d.ts",
        "//:node_modules/@angular/core/src/metadata/resource_loading.d.ts",
        "//:node_modules/@angular/core/src/metadata/view.d.ts",
        "//:node_modules/@angular/core/src/platform_core_providers.d.ts",
        "//:node_modules/@angular/core/src/profile/profile.d.ts",
        "//:node_modules/@angular/core/src/profile/wtf_impl.d.ts",
        "//:node_modules/@angular/core/src/r3_symbols.d.ts",
        "//:node_modules/@angular/core/src/reflection/platform_reflection_capabilities.d.ts",
        "//:node_modules/@angular/core/src/reflection/reflection.d.ts",
        "//:node_modules/@angular/core/src/reflection/reflection_capabilities.d.ts",
        "//:node_modules/@angular/core/src/reflection/reflector.d.ts",
        "//:node_modules/@angular/core/src/reflection/types.d.ts",
        "//:node_modules/@angular/core/src/render.d.ts",
        "//:node_modules/@angular/core/src/render/api.d.ts",
        "//:node_modules/@angular/core/src/render3/assert.d.ts",
        "//:node_modules/@angular/core/src/render3/bindings.d.ts",
        "//:node_modules/@angular/core/src/render3/component.d.ts",
        "//:node_modules/@angular/core/src/render3/component_ref.d.ts",
        "//:node_modules/@angular/core/src/render3/context_discovery.d.ts",
        "//:node_modules/@angular/core/src/render3/definition.d.ts",
        "//:node_modules/@angular/core/src/render3/di.d.ts",
        "//:node_modules/@angular/core/src/render3/di_setup.d.ts",
        "//:node_modules/@angular/core/src/render3/discovery_utils.d.ts",
        "//:node_modules/@angular/core/src/render3/empty.d.ts",
        "//:node_modules/@angular/core/src/render3/errors.d.ts",
        "//:node_modules/@angular/core/src/render3/features/inherit_definition_feature.d.ts",
        "//:node_modules/@angular/core/src/render3/features/ng_onchanges_feature.d.ts",
        "//:node_modules/@angular/core/src/render3/features/providers_feature.d.ts",
        "//:node_modules/@angular/core/src/render3/fields.d.ts",
        "//:node_modules/@angular/core/src/render3/global_utils.d.ts",
        "//:node_modules/@angular/core/src/render3/global_utils_api.d.ts",
        "//:node_modules/@angular/core/src/render3/hooks.d.ts",
        "//:node_modules/@angular/core/src/render3/i18n.d.ts",
        "//:node_modules/@angular/core/src/render3/index.d.ts",
        "//:node_modules/@angular/core/src/render3/instructions.d.ts",
        "//:node_modules/@angular/core/src/render3/interfaces/container.d.ts",
        "//:node_modules/@angular/core/src/render3/interfaces/context.d.ts",
        "//:node_modules/@angular/core/src/render3/interfaces/definition.d.ts",
        "//:node_modules/@angular/core/src/render3/interfaces/i18n.d.ts",
        "//:node_modules/@angular/core/src/render3/interfaces/injector.d.ts",
        "//:node_modules/@angular/core/src/render3/interfaces/node.d.ts",
        "//:node_modules/@angular/core/src/render3/interfaces/player.d.ts",
        "//:node_modules/@angular/core/src/render3/interfaces/projection.d.ts",
        "//:node_modules/@angular/core/src/render3/interfaces/query.d.ts",
        "//:node_modules/@angular/core/src/render3/interfaces/renderer.d.ts",
        "//:node_modules/@angular/core/src/render3/interfaces/sanitization.d.ts",
        "//:node_modules/@angular/core/src/render3/interfaces/styling.d.ts",
        "//:node_modules/@angular/core/src/render3/interfaces/view.d.ts",
        "//:node_modules/@angular/core/src/render3/jit/compiler_facade.d.ts",
        "//:node_modules/@angular/core/src/render3/jit/compiler_facade_interface.d.ts",
        "//:node_modules/@angular/core/src/render3/jit/directive.d.ts",
        "//:node_modules/@angular/core/src/render3/jit/environment.d.ts",
        "//:node_modules/@angular/core/src/render3/jit/injectable.d.ts",
        "//:node_modules/@angular/core/src/render3/jit/module.d.ts",
        "//:node_modules/@angular/core/src/render3/jit/pipe.d.ts",
        "//:node_modules/@angular/core/src/render3/jit/util.d.ts",
        "//:node_modules/@angular/core/src/render3/metadata.d.ts",
        "//:node_modules/@angular/core/src/render3/ng_dev_mode.d.ts",
        "//:node_modules/@angular/core/src/render3/ng_module_ref.d.ts",
        "//:node_modules/@angular/core/src/render3/node_assert.d.ts",
        "//:node_modules/@angular/core/src/render3/node_manipulation.d.ts",
        "//:node_modules/@angular/core/src/render3/node_selector_matcher.d.ts",
        "//:node_modules/@angular/core/src/render3/pipe.d.ts",
        "//:node_modules/@angular/core/src/render3/players.d.ts",
        "//:node_modules/@angular/core/src/render3/pure_function.d.ts",
        "//:node_modules/@angular/core/src/render3/query.d.ts",
        "//:node_modules/@angular/core/src/render3/state.d.ts",
        "//:node_modules/@angular/core/src/render3/styling/class_and_style_bindings.d.ts",
        "//:node_modules/@angular/core/src/render3/styling/core_player_handler.d.ts",
        "//:node_modules/@angular/core/src/render3/styling/player_factory.d.ts",
        "//:node_modules/@angular/core/src/render3/styling/util.d.ts",
        "//:node_modules/@angular/core/src/render3/tokens.d.ts",
        "//:node_modules/@angular/core/src/render3/util.d.ts",
        "//:node_modules/@angular/core/src/render3/view_engine_compatibility.d.ts",
        "//:node_modules/@angular/core/src/render3/view_engine_compatibility_prebound.d.ts",
        "//:node_modules/@angular/core/src/render3/view_ref.d.ts",
        "//:node_modules/@angular/core/src/sanitization/bypass.d.ts",
        "//:node_modules/@angular/core/src/sanitization/html_sanitizer.d.ts",
        "//:node_modules/@angular/core/src/sanitization/inert_body.d.ts",
        "//:node_modules/@angular/core/src/sanitization/sanitization.d.ts",
        "//:node_modules/@angular/core/src/sanitization/security.d.ts",
        "//:node_modules/@angular/core/src/sanitization/style_sanitizer.d.ts",
        "//:node_modules/@angular/core/src/sanitization/url_sanitizer.d.ts",
        "//:node_modules/@angular/core/src/testability/testability.d.ts",
        "//:node_modules/@angular/core/src/type.d.ts",
        "//:node_modules/@angular/core/src/util.d.ts",
        "//:node_modules/@angular/core/src/util/decorators.d.ts",
        "//:node_modules/@angular/core/src/util/lang.d.ts",
        "//:node_modules/@angular/core/src/util/ng_reflect.d.ts",
        "//:node_modules/@angular/core/src/util/noop.d.ts",
        "//:node_modules/@angular/core/src/util/property.d.ts",
        "//:node_modules/@angular/core/src/version.d.ts",
        "//:node_modules/@angular/core/src/view/element.d.ts",
        "//:node_modules/@angular/core/src/view/entrypoint.d.ts",
        "//:node_modules/@angular/core/src/view/errors.d.ts",
        "//:node_modules/@angular/core/src/view/index.d.ts",
        "//:node_modules/@angular/core/src/view/ng_content.d.ts",
        "//:node_modules/@angular/core/src/view/ng_module.d.ts",
        "//:node_modules/@angular/core/src/view/provider.d.ts",
        "//:node_modules/@angular/core/src/view/pure_expression.d.ts",
        "//:node_modules/@angular/core/src/view/query.d.ts",
        "//:node_modules/@angular/core/src/view/refs.d.ts",
        "//:node_modules/@angular/core/src/view/services.d.ts",
        "//:node_modules/@angular/core/src/view/text.d.ts",
        "//:node_modules/@angular/core/src/view/types.d.ts",
        "//:node_modules/@angular/core/src/view/util.d.ts",
        "//:node_modules/@angular/core/src/view/view.d.ts",
        "//:node_modules/@angular/core/src/view/view_attach.d.ts",
        "//:node_modules/@angular/core/src/zone.d.ts",
        "//:node_modules/@angular/core/src/zone/ng_zone.d.ts",
        "//:node_modules/@angular/core/testing.d.ts",
        "//:node_modules/@angular/core/testing/index.d.ts",
        "//:node_modules/@angular/core/testing/public_api.d.ts",
        "//:node_modules/@angular/core/testing/src/async.d.ts",
        "//:node_modules/@angular/core/testing/src/async_fallback.d.ts",
        "//:node_modules/@angular/core/testing/src/async_test_completer.d.ts",
        "//:node_modules/@angular/core/testing/src/before_each.d.ts",
        "//:node_modules/@angular/core/testing/src/component_fixture.d.ts",
        "//:node_modules/@angular/core/testing/src/fake_async.d.ts",
        "//:node_modules/@angular/core/testing/src/fake_async_fallback.d.ts",
        "//:node_modules/@angular/core/testing/src/lang_utils.d.ts",
        "//:node_modules/@angular/core/testing/src/logger.d.ts",
        "//:node_modules/@angular/core/testing/src/metadata_override.d.ts",
        "//:node_modules/@angular/core/testing/src/metadata_overrider.d.ts",
        "//:node_modules/@angular/core/testing/src/ng_zone_mock.d.ts",
        "//:node_modules/@angular/core/testing/src/private_export_testing.d.ts",
        "//:node_modules/@angular/core/testing/src/r3_test_bed.d.ts",
        "//:node_modules/@angular/core/testing/src/resolvers.d.ts",
        "//:node_modules/@angular/core/testing/src/test_bed.d.ts",
        "//:node_modules/@angular/core/testing/src/test_bed_common.d.ts",
        "//:node_modules/@angular/core/testing/src/test_compiler.d.ts",
        "//:node_modules/@angular/core/testing/src/testing.d.ts",
        "//:node_modules/@angular/core/testing/src/testing_internal.d.ts",
        "//:node_modules/@angular/core/testing/testing.d.ts",
    ],
)
load("@build_bazel_rules_nodejs//internal/npm_install:npm_umd_bundle.bzl", "npm_umd_bundle")
npm_umd_bundle(
    name = "core__umd",
    package_name = "core",
    entry_point = "//:node_modules/@angular/core/bundles/core.umd.js",
    package = ":core",
)
