
package(default_visibility = ["//visibility:public"])
load("@build_bazel_rules_nodejs//:index.bzl", "js_library")
exports_files([
    "node_modules/ajv",
    "node_modules/balanced-match",
    "node_modules/brace-expansion",
    "node_modules/co",
    "node_modules/concat-map",
    "node_modules/diff",
    "node_modules/fast-deep-equal",
    "node_modules/fast-json-stable-stringify",
    "node_modules/fs.realpath",
    "node_modules/glob",
    "node_modules/inflight",
    "node_modules/inherits",
    "node_modules/jasmine",
    "node_modules/jasmine-core",
    "node_modules/json-schema-traverse",
    "node_modules/minimatch",
    "node_modules/once",
    "node_modules/path-is-absolute",
    "node_modules/rxjs",
    "node_modules/tslib",
    "node_modules/unidiff",
    "node_modules/wrappy",
    "node_modules/zone.js",
    "node_modules/@angular/core",
    "node_modules/@gregmagolan/test-a",
    "node_modules/@gregmagolan/test-b",
])
js_library(
    name = "node_modules",
    deps = [
        "//ajv",
        "//balanced-match",
        "//brace-expansion",
        "//co",
        "//concat-map",
        "//diff",
        "//fast-deep-equal",
        "//fast-json-stable-stringify",
        "//fs.realpath",
        "//glob",
        "//inflight",
        "//inherits",
        "//jasmine",
        "//jasmine-core",
        "//json-schema-traverse",
        "//minimatch",
        "//once",
        "//path-is-absolute",
        "//rxjs",
        "//tslib",
        "//unidiff",
        "//wrappy",
        "//zone.js",
        "//@angular/core",
        "//@gregmagolan/test-a",
        "//@gregmagolan/test-b",
    ],
)
filegroup(
  name = "golden_files",
  srcs = [
    "//:BUILD.bazel",
    "//:manual_build_file_contents",
    "//:WORKSPACE",
    "//@angular/core:BUILD.bazel",
    "//@gregmagolan:BUILD.bazel",
    "//@gregmagolan/test-a/bin:BUILD.bazel",
    "//@gregmagolan/test-a:BUILD.bazel",
    "//@gregmagolan/test-a:index.bzl",
    "//@gregmagolan/test-b:BUILD.bazel",
    "//ajv:BUILD.bazel",
    "//jasmine/bin:BUILD.bazel",
    "//jasmine:BUILD.bazel",
    "//jasmine:index.bzl",
    "//rxjs:BUILD.bazel",
    "//unidiff:BUILD.bazel",
    "//zone.js:BUILD.bazel",
    "//some-target-a:BUILD.bazel",
    "//some-target-a2:BUILD.bazel",
    "//@some-scope/some-target-b:BUILD.bazel",
    "//@some-scope/some-target-b2:BUILD.bazel",
  ],
)