
package(default_visibility = ["//visibility:public"])
load("@build_bazel_rules_nodejs//:index.bzl", "js_library")
js_library(
    name = "unidiff",
    link_to_bin = False,
    deps = [
        "//unidiff:unidiff__direct",
        "//diff:diff__direct",
    ],
)
js_library(
    name = "unidiff__direct",
    package_name = "unidiff",
    package_path = "",
    link_root = "node_modules/unidiff",
    link_to_bin = False,
    srcs = ["//:node_modules/unidiff"],
    source_directories = True,
    visibility = ["//:__subpackages__"],
)
alias(
    name = "unidiff__typings",
    actual = "unidiff__direct",
)
load("@build_bazel_rules_nodejs//internal/npm_install:npm_umd_bundle.bzl", "npm_umd_bundle")
npm_umd_bundle(
    name = "unidiff__umd",
    package_name = "unidiff",
    entry_point = { "@fine_grained_directory_artifacts_goldens//:node_modules/unidiff": "unidiff.js" },
    package = ":unidiff",
)
