
package(default_visibility = ["//visibility:public"])
load("@build_bazel_rules_nodejs//:index.bzl", "js_library")
js_library(
    name = "test-b",
    deps = [
        "//@gregmagolan/test-b:test-b__direct",
    ],
)
js_library(
    name = "test-b__direct",
    package_name = "@gregmagolan/test-b",
    package_path = "",
    link_root = "node_modules/@gregmagolan/test-b",
    srcs = ["//:node_modules/@gregmagolan/test-b"],
    source_directories = True,
    visibility = ["//:__subpackages__"],
)
alias(
    name = "test-b__typings",
    actual = "test-b__direct",
)
load("@build_bazel_rules_nodejs//internal/npm_install:npm_umd_bundle.bzl", "npm_umd_bundle")
npm_umd_bundle(
    name = "test-b__umd",
    package_name = "@gregmagolan/test-b",
    entry_point = { "@fine_grained_directory_artifacts_goldens//:node_modules/@gregmagolan/test-b": "main.js" },
    package = ":test-b",
)
