
package(default_visibility = ["//visibility:public"])
load("@build_bazel_rules_nodejs//:index.bzl", "js_library")
filegroup(
    name = "jasmine__files",
    srcs = [
        "//:node_modules/jasmine/.editorconfig",
        "//:node_modules/jasmine/Gruntfile.js",
        "//:node_modules/jasmine/bin/jasmine.js",
        "//:node_modules/jasmine/lib/command.js",
        "//:node_modules/jasmine/lib/examples/jasmine.json",
        "//:node_modules/jasmine/lib/filters/console_spec_filter.js",
        "//:node_modules/jasmine/lib/jasmine.js",
        "//:node_modules/jasmine/lib/reporters/completion_reporter.js",
        "//:node_modules/jasmine/lib/reporters/console_reporter.js",
        "//:node_modules/jasmine/package.json",
        "//:node_modules/jasmine/tasks/jasmine.js",
    ],
)
filegroup(
    name = "jasmine__nested_node_modules",
    srcs = [
        "//:node_modules/jasmine/node_modules/jasmine-core/.editorconfig",
        "//:node_modules/jasmine/node_modules/jasmine-core/.ruby-version",
        "//:node_modules/jasmine/node_modules/jasmine-core/bower.json",
        "//:node_modules/jasmine/node_modules/jasmine-core/jasmine_core.egg-info/PKG-INFO",
        "//:node_modules/jasmine/node_modules/jasmine-core/lib/jasmine-core.js",
        "//:node_modules/jasmine/node_modules/jasmine-core/lib/jasmine-core/boot.js",
        "//:node_modules/jasmine/node_modules/jasmine-core/lib/jasmine-core/example/node_example/lib/jasmine_examples/Player.js",
        "//:node_modules/jasmine/node_modules/jasmine-core/lib/jasmine-core/example/node_example/lib/jasmine_examples/Song.js",
        "//:node_modules/jasmine/node_modules/jasmine-core/lib/jasmine-core/example/node_example/spec/helpers/jasmine_examples/SpecHelper.js",
        "//:node_modules/jasmine/node_modules/jasmine-core/lib/jasmine-core/example/node_example/spec/jasmine_examples/PlayerSpec.js",
        "//:node_modules/jasmine/node_modules/jasmine-core/lib/jasmine-core/example/spec/PlayerSpec.js",
        "//:node_modules/jasmine/node_modules/jasmine-core/lib/jasmine-core/example/spec/SpecHelper.js",
        "//:node_modules/jasmine/node_modules/jasmine-core/lib/jasmine-core/example/src/Player.js",
        "//:node_modules/jasmine/node_modules/jasmine-core/lib/jasmine-core/example/src/Song.js",
        "//:node_modules/jasmine/node_modules/jasmine-core/lib/jasmine-core/jasmine-html.js",
        "//:node_modules/jasmine/node_modules/jasmine-core/lib/jasmine-core/jasmine.js",
        "//:node_modules/jasmine/node_modules/jasmine-core/lib/jasmine-core/json2.js",
        "//:node_modules/jasmine/node_modules/jasmine-core/lib/jasmine-core/node_boot.js",
        "//:node_modules/jasmine/node_modules/jasmine-core/package.json",
    ],
    visibility = ["//:__subpackages__"],
)
filegroup(
    name = "jasmine__not_files",
    srcs = [
        "//:node_modules/jasmine/.travis.yml",
        "//:node_modules/jasmine/MIT.LICENSE",
        "//:node_modules/jasmine/README.md",
    ],
    visibility = ["//visibility:private"],
)
filegroup(
    name = "jasmine__all_files",
    srcs = [":jasmine__files", ":jasmine__not_files"],
)
js_library(
    name = "jasmine",
    package_name = "$node_modules$",
    package_path = "tools/fine_grained_goldens",
    srcs = [":jasmine__files"],
    deps = [
        "//jasmine:jasmine__contents",
        "//glob:glob__contents",
        "//fs.realpath:fs.realpath__contents",
        "//inflight:inflight__contents",
        "//once:once__contents",
        "//wrappy:wrappy__contents",
        "//inherits:inherits__contents",
        "//minimatch:minimatch__contents",
        "//brace-expansion:brace-expansion__contents",
        "//balanced-match:balanced-match__contents",
        "//concat-map:concat-map__contents",
        "//path-is-absolute:path-is-absolute__contents",
    ],
)
js_library(
    name = "jasmine__contents",
    package_name = "$node_modules$",
    package_path = "tools/fine_grained_goldens",
    srcs = [":jasmine__files", ":jasmine__nested_node_modules"],
    visibility = ["//:__subpackages__"],
)
js_library(
    name = "jasmine__typings",
    package_name = "$node_modules$",
    package_path = "tools/fine_grained_goldens",
)
load("@build_bazel_rules_nodejs//internal/npm_install:npm_umd_bundle.bzl", "npm_umd_bundle")
npm_umd_bundle(
    name = "jasmine__umd",
    package_name = "jasmine",
    entry_point = "//:node_modules/jasmine/lib/jasmine.js",
    package = ":jasmine",
)
exports_files(["index.bzl"])
