
package(default_visibility = ["//visibility:public"])
load("@build_bazel_rules_nodejs//:index.bzl", "js_library")
filegroup(
    name = "test-b__files",
    srcs = [ "//:node_modules/@gregmagolan/test-b" ],
)
filegroup(
    name = "test-b__nested_node_modules",
    visibility = ["//:__subpackages__"],
)
filegroup(
    name = "test-b__all_files",
    srcs = [
        "//:node_modules/@gregmagolan/test-b/main.js",
        "//:node_modules/@gregmagolan/test-b/package.json",
    ],
)
js_library(
    name = "test-b",
    external_npm_package = True,
    external_npm_package_path = "",
    experimental_directory_labels = True,
    srcs = [":test-b__files"],
    deps = [
        "//@gregmagolan/test-b:test-b__contents",
    ],
)
js_library(
    name = "test-b__contents",
    external_npm_package = True,
    external_npm_package_path = "",
    experimental_directory_labels = True,
    srcs = [":test-b__files", ":test-b__nested_node_modules"],
    visibility = ["//:__subpackages__"],
)
js_library(
    name = "test-b__typings",
    external_npm_package = True,
    external_npm_package_path = "",
)
load("@build_bazel_rules_nodejs//internal/npm_install:npm_umd_bundle.bzl", "npm_umd_bundle")
npm_umd_bundle(
    name = "test-b__umd",
    package_name = "@gregmagolan/test-b",
    entry_point = "//:node_modules/@gregmagolan/test-b/main.js",
    package = ":test-b",
)
