
package(default_visibility = ["//visibility:public"])
load("@build_bazel_rules_nodejs//:index.bzl", "js_library")
load("@build_bazel_rules_nodejs//third_party/github.com/bazelbuild/bazel-skylib:rules/copy_file.bzl", "copy_file")
copy_file(
  name = "directory",
  src = "@fine_grained_goldens_multi_linked//:zone.js__source_directory",
  is_directory = True,
  out = "tree",
)
js_library(
    name = "zone.js",
    deps = [
        "//zone.js:zone.js__contents",
    ],
)
js_library(
    name = "contents",
    package_name = "zone.js",
    package_path = "tools/fine_grained_goldens",
    strip_prefix = "tree",
    srcs = [":directory"],
    visibility = ["//:__subpackages__"],
)
alias(
  name = "zone.js__files",
  actual = "directory",
)
alias(
  name = "zone.js__contents",
  actual = "contents",
)
alias(
    name = "zone.js__typings",
    actual = "contents",
)
