load("@build_bazel_rules_nodejs//:defs.bzl", "nodejs_binary", "npm_package_bin")
def jasmine(**kwargs):
    output_dir = kwargs.pop("output_dir", False)
    if "outs" in kwargs or output_dir:
        npm_package_bin(tool = "@fine_grained_goldens//jasmine/bin:jasmine", output_dir = output_dir, **kwargs)
    else:
        nodejs_binary(
            entry_point = "@fine_grained_goldens//:node_modules/jasmine/bin/jasmine.js",
            install_source_map_support = False,
            data = ["@fine_grained_goldens//jasmine:jasmine", "//zone.js:zone.js"] + kwargs.pop("data", []),
            **kwargs
        )
  