
package(default_visibility = ["//visibility:public"])
load("@build_bazel_rules_nodejs//:index.bzl", "js_library")
js_library(
    name = "jasmine",
    deps = [
        "//:jasmine__contents",
        "//:glob__contents",
        "//:fs.realpath__contents",
        "//:inflight__contents",
        "//:once__contents",
        "//:wrappy__contents",
        "//:inherits__contents",
        "//:minimatch__contents",
        "//:brace-expansion__contents",
        "//:balanced-match__contents",
        "//:concat-map__contents",
        "//:path-is-absolute__contents",
    ],
)
exports_files(["index.bzl"])
