
package(default_visibility = ["//visibility:public"])
load("@build_bazel_rules_nodejs//:index.bzl", "js_library")
filegroup(
    name = "jasmine__files",
    srcs = ["//:node_modules/jasmine"],
)
js_library(
    name = "jasmine",
    package_name = "$node_modules_dir$",
    package_path = "",
    srcs = [":jasmine__files"],
    deps = [
        "//jasmine:jasmine__contents",
        "//glob:glob__contents",
        "//fs.realpath:fs.realpath__contents",
        "//inflight:inflight__contents",
        "//once:once__contents",
        "//wrappy:wrappy__contents",
        "//inherits:inherits__contents",
        "//minimatch:minimatch__contents",
        "//brace-expansion:brace-expansion__contents",
        "//balanced-match:balanced-match__contents",
        "//concat-map:concat-map__contents",
        "//path-is-absolute:path-is-absolute__contents",
    ],
)
js_library(
    name = "jasmine__contents",
    package_name = "$node_modules_dir$",
    package_path = "",
    srcs = [":jasmine__files"],
    visibility = ["//:__subpackages__"],
)
alias(
    name = "jasmine__typings",
    actual = "jasmine__contents",
)
load("@build_bazel_rules_nodejs//internal/npm_install:npm_umd_bundle.bzl", "npm_umd_bundle")
npm_umd_bundle(
    name = "jasmine__umd",
    package_name = "jasmine",
    entry_point = { "@fine_grained_directory_artifacts_goldens//:node_modules/jasmine": "lib/jasmine.js" },
    package = ":jasmine",
)
exports_files(["index.bzl"])
