
package(default_visibility = ["//visibility:public"])
load("@build_bazel_rules_nodejs//:index.bzl", "js_library")
js_library(
    name = "jasmine",
    link_to_bin = False,
    deps = [
        "//jasmine:jasmine__direct",
        "//glob:glob__direct",
        "//fs.realpath:fs.realpath__direct",
        "//inflight:inflight__direct",
        "//once:once__direct",
        "//wrappy:wrappy__direct",
        "//inherits:inherits__direct",
        "//minimatch:minimatch__direct",
        "//brace-expansion:brace-expansion__direct",
        "//balanced-match:balanced-match__direct",
        "//concat-map:concat-map__direct",
        "//path-is-absolute:path-is-absolute__direct",
    ],
)
js_library(
    name = "jasmine__direct",
    package_name = "jasmine",
    package_path = "",
    link_root = "node_modules/jasmine",
    link_to_bin = False,
    srcs = ["//:node_modules/jasmine"],
    source_directories = True,
    visibility = ["//:__subpackages__"],
)
alias(
    name = "jasmine__typings",
    actual = "jasmine__direct",
)
load("@build_bazel_rules_nodejs//internal/npm_install:npm_umd_bundle.bzl", "npm_umd_bundle")
npm_umd_bundle(
    name = "jasmine__umd",
    package_name = "jasmine",
    entry_point = { "@fine_grained_directory_artifacts_goldens//:node_modules/jasmine": "lib/jasmine.js" },
    package = ":jasmine",
)
exports_files(["index.bzl"])
