
package(default_visibility = ["//visibility:public"])
load("@build_bazel_rules_nodejs//:index.bzl", "js_library")
js_library(
    name = "core",
    deps = [
        "//@angular/core:core__direct",
        "//tslib:tslib__direct",
        "//rxjs:rxjs__direct",
        "//zone.js:zone.js__direct",
    ],
)
js_library(
    name = "core__direct",
    package_name = "@angular/core",
    package_path = "",
    link_root = "node_modules/@angular/core",
    srcs = ["//:node_modules/@angular/core"],
    source_directories = True,
    visibility = ["//:__subpackages__"],
)
alias(
    name = "core__typings",
    actual = "core__direct",
)
load("@build_bazel_rules_nodejs//internal/npm_install:npm_umd_bundle.bzl", "npm_umd_bundle")
npm_umd_bundle(
    name = "core__umd",
    package_name = "@angular/core",
    entry_point = { "@fine_grained_directory_artifacts_goldens//:node_modules/@angular/core": "fesm5/core.js" },
    package = ":core",
)
