
package(default_visibility = ["//visibility:public"])
load("@build_bazel_rules_nodejs//:index.bzl", "js_library")
filegroup(
    name = "core__files",
    srcs = ["//:node_modules/@angular/core"],
)
js_library(
    name = "core",
    package_name = "$node_modules_dir$",
    package_path = "",
    srcs = [":core__files"],
    deps = [
        "//@angular/core:core__contents",
        "//tslib:tslib__contents",
        "//rxjs:rxjs__contents",
        "//zone.js:zone.js__contents",
    ],
)
js_library(
    name = "core__contents",
    package_name = "$node_modules_dir$",
    package_path = "",
    srcs = [":core__files"],
    visibility = ["//:__subpackages__"],
)
alias(
    name = "core__typings",
    actual = "core__contents",
)
load("@build_bazel_rules_nodejs//internal/npm_install:npm_umd_bundle.bzl", "npm_umd_bundle")
npm_umd_bundle(
    name = "core__umd",
    package_name = "@angular/core",
    entry_point = { "@fine_grained_directory_artifacts_goldens//:node_modules/@angular/core": "fesm5/core.js" },
    package = ":core",
)
