
package(default_visibility = ["//visibility:public"])
load("@rules_nodejs//:index.bzl", "js_library")
js_library(
    name = "@gregmagolan",
    srcs = [
        "//@gregmagolan/test-a:test-a__files",
        "//@gregmagolan/test-b:test-b__files",
    ],
    deps = [
        "//@gregmagolan/test-a:test-a__contents",
        "//@gregmagolan/test-b:test-b__contents",
    ],
)
