
package(default_visibility = ["//visibility:public"])
load("@build_bazel_rules_nodejs//:index.bzl", "js_library")
js_library(
    name = "@gregmagolan",
    package_name = "$node_modules$",
    package_path = "",
    srcs = [
        "//@gregmagolan/test-a:test-a__files",
        "//@gregmagolan/test-b:test-b__files",
    ],
    deps = [
        "//@gregmagolan/test-a:test-a__contents",
        "//@gregmagolan/test-b:test-b__contents",
    ],
)
