
package(default_visibility = ["//visibility:public"])
load("@build_bazel_rules_nodejs//:index.bzl", "js_library")
js_library(
    name = "ajv",
    link_to_bin = False,
    deps = [
        "//ajv:ajv__direct",
        "//co:co__direct",
        "//fast-deep-equal:fast-deep-equal__direct",
        "//fast-json-stable-stringify:fast-json-stable-stringify__direct",
        "//json-schema-traverse:json-schema-traverse__direct",
    ],
)
js_library(
    name = "ajv__direct",
    package_name = "ajv",
    package_path = "",
    link_root = "node_modules/ajv",
    link_to_bin = False,
    srcs = ["//:node_modules/ajv"],
    source_directories = True,
    visibility = ["//:__subpackages__"],
)
alias(
    name = "ajv__typings",
    actual = "ajv__direct",
)
load("@build_bazel_rules_nodejs//internal/npm_install:npm_umd_bundle.bzl", "npm_umd_bundle")
npm_umd_bundle(
    name = "ajv__umd",
    package_name = "ajv",
    entry_point = { "@fine_grained_directory_artifacts_goldens//:node_modules/ajv": "lib/ajv.js" },
    package = ":ajv",
)
