
package(default_visibility = ["//visibility:public"])
load("@build_bazel_rules_nodejs//:index.bzl", "js_library")
load("@build_bazel_rules_nodejs//third_party/github.com/bazelbuild/bazel-skylib:rules/copy_file.bzl", "copy_file")
copy_file(
  name = "directory",
  src = "@fine_grained_directory_artifacts_goldens//:ajv__source_directory",
  is_directory = True,
  out = "tree",
)
js_library(
    name = "ajv",
    deps = [
        "//ajv:ajv__contents",
        "//co:co__contents",
        "//fast-deep-equal:fast-deep-equal__contents",
        "//fast-json-stable-stringify:fast-json-stable-stringify__contents",
        "//json-schema-traverse:json-schema-traverse__contents",
    ],
)
js_library(
    name = "contents",
    package_name = "ajv",
    package_path = "",
    strip_prefix = "tree",
    srcs = [":directory"],
    visibility = ["//:__subpackages__"],
)
alias(
  name = "ajv__files",
  actual = "directory",
)
alias(
  name = "ajv__contents",
  actual = "contents",
)
alias(
    name = "ajv__typings",
    actual = "contents",
)
