
package(default_visibility = ["//visibility:public"])
load("@build_bazel_rules_nodejs//:index.bzl", "js_library")
filegroup(
    name = "test-a__files",
    srcs = ["//:node_modules/@gregmagolan/test-a"],
)
js_library(
    name = "test-a",
    package_name = "$node_modules_dir$",
    package_path = "",
    srcs = [":test-a__files"],
    deps = [
        "//@gregmagolan/test-a:test-a__contents",
    ],
)
js_library(
    name = "test-a__contents",
    package_name = "$node_modules_dir$",
    package_path = "",
    srcs = [":test-a__files"],
    visibility = ["//:__subpackages__"],
)
alias(
    name = "test-a__typings",
    actual = "test-a__contents",
)
load("@build_bazel_rules_nodejs//internal/npm_install:npm_umd_bundle.bzl", "npm_umd_bundle")
npm_umd_bundle(
    name = "test-a__umd",
    package_name = "@gregmagolan/test-a",
    entry_point = { "@fine_grained_directory_artifacts_goldens//:node_modules/@gregmagolan/test-a": "main.js" },
    package = ":test-a",
)
exports_files(["index.bzl"])
