
package(default_visibility = ["//visibility:public"])
load("@build_bazel_rules_nodejs//:index.bzl", "js_library")
js_library(
    name = "test-a",
    deps = [
        "//@gregmagolan/test-a:test-a__direct",
    ],
)
js_library(
    name = "test-a__direct",
    package_name = "@gregmagolan/test-a",
    package_path = "",
    link_root = "node_modules/@gregmagolan/test-a",
    srcs = ["//:node_modules/@gregmagolan/test-a"],
    source_directories = True,
    visibility = ["//:__subpackages__"],
)
alias(
    name = "test-a__typings",
    actual = "test-a__direct",
)
load("@build_bazel_rules_nodejs//internal/npm_install:npm_umd_bundle.bzl", "npm_umd_bundle")
npm_umd_bundle(
    name = "test-a__umd",
    package_name = "@gregmagolan/test-a",
    entry_point = { "@fine_grained_directory_artifacts_goldens//:node_modules/@gregmagolan/test-a": "main.js" },
    package = ":test-a",
)
exports_files(["index.bzl"])
