
package(default_visibility = ["//visibility:public"])
load("@build_bazel_rules_nodejs//:index.bzl", "js_library")
js_library(
    name = "ajv",
    deps = [
        "//:ajv__contents",
        "//:co__contents",
        "//:fast-deep-equal__contents",
        "//:fast-json-stable-stringify__contents",
        "//:json-schema-traverse__contents",
    ],
)
