
package(default_visibility = ["//visibility:public"])
load("@build_bazel_rules_nodejs//:index.bzl", "js_library")
filegroup(
    name = "test-a__files",
    srcs = [ "//:node_modules/@gregmagolan/test-a" ],
)
filegroup(
    name = "test-a__nested_node_modules",
    visibility = ["//:__subpackages__"],
)
filegroup(
    name = "test-a__all_files",
    srcs = [
        "//:node_modules/@gregmagolan/test-a/@bin/test.js",
        "//:node_modules/@gregmagolan/test-a/filename with spaces.js",
        "//:node_modules/@gregmagolan/test-a/filenamË-with-unicodË-chars.js",
        "//:node_modules/@gregmagolan/test-a/main.js",
        "//:node_modules/@gregmagolan/test-a/package.json",
    ],
)
js_library(
    name = "test-a",
    external_npm_package = True,
    external_npm_package_path = "",
    experimental_directory_labels = True,
    srcs = [":test-a__files"],
    deps = [
        "//@gregmagolan/test-a:test-a__contents",
    ],
)
js_library(
    name = "test-a__contents",
    external_npm_package = True,
    external_npm_package_path = "",
    experimental_directory_labels = True,
    srcs = [":test-a__files", ":test-a__nested_node_modules"],
    visibility = ["//:__subpackages__"],
)
js_library(
    name = "test-a__typings",
    external_npm_package = True,
    external_npm_package_path = "",
)
load("@build_bazel_rules_nodejs//internal/npm_install:npm_umd_bundle.bzl", "npm_umd_bundle")
npm_umd_bundle(
    name = "test-a__umd",
    package_name = "@gregmagolan/test-a",
    entry_point = "//:node_modules/@gregmagolan/test-a/main.js",
    package = ":test-a",
)
exports_files(["index.bzl"])
